Component: ARM Compiler 5.06 update 6 (build 750) Tool: armlink [4d35ed]

==============================================================================

Section Cross References

    startup_stm32f407xx.o(STACK) refers (Special) to heapauxi.o(.text) for __use_two_region_memory
    startup_stm32f407xx.o(HEAP) refers (Special) to heapauxi.o(.text) for __use_two_region_memory
    startup_stm32f407xx.o(RESET) refers (Special) to heapauxi.o(.text) for __use_two_region_memory
    startup_stm32f407xx.o(RESET) refers to startup_stm32f407xx.o(STACK) for __initial_sp
    startup_stm32f407xx.o(RESET) refers to startup_stm32f407xx.o(.text) for Reset_Handler
    startup_stm32f407xx.o(RESET) refers to stm32f4xx_it.o(i.NMI_Handler) for NMI_Handler
    startup_stm32f407xx.o(RESET) refers to stm32f4xx_it.o(i.HardFault_Handler) for HardFault_Handler
    startup_stm32f407xx.o(RESET) refers to stm32f4xx_it.o(i.MemManage_Handler) for MemManage_Handler
    startup_stm32f407xx.o(RESET) refers to stm32f4xx_it.o(i.BusFault_Handler) for BusFault_Handler
    startup_stm32f407xx.o(RESET) refers to stm32f4xx_it.o(i.UsageFault_Handler) for UsageFault_Handler
    startup_stm32f407xx.o(RESET) refers to stm32f4xx_it.o(i.SVC_Handler) for SVC_Handler
    startup_stm32f407xx.o(RESET) refers to stm32f4xx_it.o(i.DebugMon_Handler) for DebugMon_Handler
    startup_stm32f407xx.o(RESET) refers to stm32f4xx_it.o(i.PendSV_Handler) for PendSV_Handler
    startup_stm32f407xx.o(RESET) refers to stm32f4xx_it.o(i.SysTick_Handler) for SysTick_Handler
    startup_stm32f407xx.o(RESET) refers to stm32f4xx_it.o(i.DMA1_Stream5_IRQHandler) for DMA1_Stream5_IRQHandler
    startup_stm32f407xx.o(RESET) refers to stm32f4xx_it.o(i.TIM1_BRK_TIM9_IRQHandler) for TIM1_BRK_TIM9_IRQHandler
    startup_stm32f407xx.o(RESET) refers to stm32f4xx_it.o(i.TIM1_UP_TIM10_IRQHandler) for TIM1_UP_TIM10_IRQHandler
    startup_stm32f407xx.o(RESET) refers to stm32f4xx_it.o(i.TIM1_TRG_COM_TIM11_IRQHandler) for TIM1_TRG_COM_TIM11_IRQHandler
    startup_stm32f407xx.o(RESET) refers to stm32f4xx_it.o(i.TIM1_CC_IRQHandler) for TIM1_CC_IRQHandler
    startup_stm32f407xx.o(RESET) refers to stm32f4xx_it.o(i.USART1_IRQHandler) for USART1_IRQHandler
    startup_stm32f407xx.o(RESET) refers to stm32f4xx_it.o(i.USART2_IRQHandler) for USART2_IRQHandler
    startup_stm32f407xx.o(RESET) refers to stm32f4xx_it.o(i.USART3_IRQHandler) for USART3_IRQHandler
    startup_stm32f407xx.o(RESET) refers to stm32f4xx_it.o(i.UART4_IRQHandler) for UART4_IRQHandler
    startup_stm32f407xx.o(RESET) refers to stm32f4xx_it.o(i.UART5_IRQHandler) for UART5_IRQHandler
    startup_stm32f407xx.o(RESET) refers to stm32f4xx_it.o(i.TIM6_DAC_IRQHandler) for TIM6_DAC_IRQHandler
    startup_stm32f407xx.o(.text) refers (Special) to heapauxi.o(.text) for __use_two_region_memory
    startup_stm32f407xx.o(.text) refers to system_stm32f4xx.o(i.SystemInit) for SystemInit
    startup_stm32f407xx.o(.text) refers to __main.o(!!!main) for __main
    startup_stm32f407xx.o(.text) refers to startup_stm32f407xx.o(HEAP) for Heap_Mem
    startup_stm32f407xx.o(.text) refers to startup_stm32f407xx.o(STACK) for Stack_Mem
    main.o(i.HuaGui_Init_Proc) refers to servo.o(i.HuaGui_Turn) for HuaGui_Turn
    main.o(i.HuaGui_Init_Proc) refers to motor.o(i.Motor_SetPosition) for Motor_SetPosition
    main.o(i.HuaGui_Init_Proc) refers to motor.o(i.Motor_Run) for Motor_Run
    main.o(i.HuaGui_Init_Proc) refers to motor.o(i.Motor_Read_Current) for Motor_Read_Current
    main.o(i.HuaGui_Init_Proc) refers to motor.o(i.Motor_Reset) for Motor_Reset
    main.o(i.HuaGui_Init_Proc) refers to motor.o(i.HuaGui_JiaoZhun) for HuaGui_JiaoZhun
    main.o(i.HuaGui_Init_Proc) refers to servo.o(i.Servo_Init) for Servo_Init
    main.o(i.HuaGui_Init_Proc) refers to main.o(.data) for .data
    main.o(i.HuaGui_Init_Proc) refers to motor.o(.data) for Motor_HuaGui_Current
    main.o(i.Key_Proc) refers to stm32f4xx_hal_gpio.o(i.HAL_GPIO_ReadPin) for HAL_GPIO_ReadPin
    main.o(i.Key_Proc) refers to motor.o(i.Motor_Enable_All) for Motor_Enable_All
    main.o(i.Key_Proc) refers to motor.o(i.Motor_Disable_All) for Motor_Disable_All
    main.o(i.Key_Proc) refers to stm32f4xx_hal_uart.o(i.HAL_UART_Transmit) for HAL_UART_Transmit
    main.o(i.Key_Proc) refers to main.o(.data) for .data
    main.o(i.Key_Proc) refers to control.o(.data) for Running_Mode
    main.o(i.Key_Proc) refers to usart.o(.bss) for huart4
    main.o(i.OLED_Proc) refers to oled.o(i.OLED_ShowString) for OLED_ShowString
    main.o(i.OLED_Proc) refers to oled.o(i.OLED_ShowNum) for OLED_ShowNum
    main.o(i.OLED_Proc) refers to oled.o(i.OLED_ShowSignedNum) for OLED_ShowSignedNum
    main.o(i.OLED_Proc) refers to motor.o(.data) for Stop_Flag_HuaGui
    main.o(i.OLED_Proc) refers to imu.o(.data) for Yaw
    main.o(i.OLED_Proc) refers to control.o(.data) for Task_Num0
    main.o(i.OLED_Proc) refers to main.o(.data) for .data
    main.o(i.SystemClock_Config) refers to rt_memclr_w.o(.text) for __aeabi_memclr4
[...]
    ddiv_entry                               0x0800515f   Thumb Code     0  ddiv.o(x$fpl$ddiv)
    x$fpl$dfix                               0x08005408   Section       94  dfix.o(x$fpl$dfix)
    $v0                                      0x08005408   Number         0  dfix.o(x$fpl$dfix)
    x$fpl$dflt                               0x08005466   Section       46  dflt_clz.o(x$fpl$dflt)
    $v0                                      0x08005466   Number         0  dflt_clz.o(x$fpl$dflt)
    x$fpl$dfltu                              0x08005494   Section       38  dflt_clz.o(x$fpl$dfltu)
    $v0                                      0x08005494   Number         0  dflt_clz.o(x$fpl$dfltu)
    x$fpl$dmul                               0x080054bc   Section      340  dmul.o(x$fpl$dmul)
    $v0                                      0x080054bc   Number         0  dmul.o(x$fpl$dmul)
    x$fpl$dnaninf                            0x08005610   Section      156  dnaninf.o(x$fpl$dnaninf)
    $v0                                      0x08005610   Number         0  dnaninf.o(x$fpl$dnaninf)
    x$fpl$dretinf                            0x080056ac   Section       12  dretinf.o(x$fpl$dretinf)
    $v0                                      0x080056ac   Number         0  dretinf.o(x$fpl$dretinf)
    x$fpl$dsqrt                              0x080056b8   Section      408  dsqrt_umaal.o(x$fpl$dsqrt)
    $v0                                      0x080056b8   Number         0  dsqrt_umaal.o(x$fpl$dsqrt)
    x$fpl$dsub                               0x08005850   Section      468  daddsub_clz.o(x$fpl$dsub)
    $v0                                      0x08005850   Number         0  daddsub_clz.o(x$fpl$dsub)
    _dsub1                                   0x08005861   Thumb Code     0  daddsub_clz.o(x$fpl$dsub)
    x$fpl$f2d                                0x08005a24   Section       86  f2d.o(x$fpl$f2d)
    $v0                                      0x08005a24   Number         0  f2d.o(x$fpl$f2d)
    x$fpl$fnaninf                            0x08005a7a   Section      140  fnaninf.o(x$fpl$fnaninf)
    $v0                                      0x08005a7a   Number         0  fnaninf.o(x$fpl$fnaninf)
    x$fpl$fpinit                             0x08005b06   Section       10  fpinit.o(x$fpl$fpinit)
    $v0                                      0x08005b06   Number         0  fpinit.o(x$fpl$fpinit)
    x$fpl$fretinf                            0x08005b10   Section       10  fretinf.o(x$fpl$fretinf)
    $v0                                      0x08005b10   Number         0  fretinf.o(x$fpl$fretinf)
    .constdata                               0x08005b1a   Section        8  stm32f4xx_hal_dma.o(.constdata)
    x$fpl$usenofp                            0x08005b1a   Section        0  usenofp.o(x$fpl$usenofp)
    flagBitshiftOffset                       0x08005b1a   Data           8  stm32f4xx_hal_dma.o(.constdata)
    .constdata                               0x08005b22   Section       16  system_stm32f4xx.o(.constdata)
    .constdata                               0x08005b32   Section        8  system_stm32f4xx.o(.constdata)
    .constdata                               0x08005b3a   Section     1520  oled.o(.constdata)
    .data                                    0x20000000   Section        6  main.o(.data)
    .data                                    0x20000008   Section       12  stm32f4xx_hal.o(.data)
    .data                                    0x20000014   Section        4  system_stm32f4xx.o(.data)
    .data                                    0x20000018   Section       12  imu.o(.data)
    .data                                    0x20000024   Section       19  lcd.o(.data)
    .data                                    0x20000038   Section       32  motor.o(.data)
    RxCounter1                               0x2000003b   Data           1  motor.o(.data)
    RxState                                  0x2000003c   Data           1  motor.o(.data)
    Motor_Kp                                 0x2000003d   Data           1  motor.o(.data)
    Temp_State                               0x2000003e   Data           1  motor.o(.data)
    Stop_Counter                             0x2000003f   Data           1  motor.o(.data)
    Temp_State                               0x20000040   Data           1  motor.o(.data)
    Car_Now_X                                0x20000044   Data           4  motor.o(.data)
    Car_Now_Y                                0x20000048   Data           4  motor.o(.data)
    Temp_Yaw                                 0x2000004c   Data           4  motor.o(.data)
    Last_Yaw                                 0x20000050   Data           4  motor.o(.data)
    Temp_Yaw                                 0x20000054   Data           4  motor.o(.data)
    .data                                    0x20000058   Section       16  servo.o(.data)
    .data                                    0x20000068   Section       34  control.o(.data)
    temp                                     0x2000006b   Data           1  control.o(.data)
    temp                                     0x2000006c   Data           1  control.o(.data)
    temp                                     0x2000006d   Data           1  control.o(.data)
    Last_Data1                               0x2000006e   Data           1  control.o(.data)
    temp                                     0x2000006f   Data           1  control.o(.data)
    temp                                     0x20000070   Data           1  control.o(.data)
    temp1                                    0x20000071   Data           1  control.o(.data)
    temp2                                    0x20000072   Data           1  control.o(.data)
    temp                                     0x20000073   Data           1  control.o(.data)
    temp1                                    0x20000074   Data           1  control.o(.data)
    temp2                                    0x20000075   Data           1  control.o(.data)
    temp                                     0x20000076   Data           1  control.o(.data)
    .data                                    0x20000090   Section       24  move.o(.data)
    Get_Loads_State                          0x20000092   Data           1  move.o(.data)
    Put_Loads_State                          0x20000093   Data           1  move.o(.data)
    .data                                    0x200000a8   Section       20  pi.o(.data)
    RxCounter                                0x200000aa   Data           1  pi.o(.data)
    RxState                                  0x200000ab   Data           1  pi.o(.data)
    .data                                    0x200000bc   Section        1  delay.o(.data)
    fac_us                                   0x200000bc   Data           1  delay.o(.data)
    .bss                                     0x200000c0   Section      216  tim.o(.bss)
    .bss                                     0x20000198   Section      436  usart.o(.bss)
    .bss                                     0x2000034c   Section      100  imu.o(.bss)
    .bss                                     0x200003b0   Section       40  motor.o(.bss)
    .bss                                     0x200003d8   Section      500  control.o(.bss)
    .bss                                     0x200005cc   Section       96  libspace.o(.bss)
    HEAP                                     0x20000630   Section      512  startup_stm32f407xx.o(HEAP)
    Heap_Mem                                 0x20000630   Data         512  startup_stm32f407xx.o(HEAP)
    STACK                                    0x20000830   Section     1024  startup_stm32f407xx.o(STACK)
    Stack_Mem                                0x20000830   Data        1024  startup_stm32f407xx.o(STACK)
    __initial_sp                             0x20000c30   Data           0  startup_stm32f407xx.o(STACK)

    Global Symbols

    Symbol Name                              Value     Ov Type        Size  Object(Section)

    BuildAttributes$$THM_ISAv4$E$P$D$K$B$S$7EM$VFPi3$EXTD16$VFPS$VFMA$PE$A:L22UL41UL21$X:L11$S22US41US21$IEEE1$IW$USESV6$~STKCKD$USESV7$~SHL$OTIME$ROPI$IEEEJ$EBA8$UX$STANDARDLIB$REQ8$PRES8$EABIv2 0x00000000   Number         0  anon$$obj.o ABSOLUTE
    __ARM_use_no_argv                        0x00000000   Number         0  main.o ABSOLUTE
    __ARM_exceptions_init                     - Undefined Weak Reference
    __alloca_initialize                       - Undefined Weak Reference
    __arm_preinit_                            - Undefined Weak Reference
    __cpp_initialize__aeabi_                  - Undefined Weak Reference
    __cxa_finalize                            - Undefined Weak Reference
    __rt_locale                               - Undefined Weak Reference
    __sigvec_lookup                           - Undefined Weak Reference
    _atexit_init                              - Undefined Weak Reference
    _call_atexit_fns                          - Undefined Weak Reference
    _clock_init                               - Undefined Weak Reference
    _fp_trap_init                             - Undefined Weak Reference
    _fp_trap_shutdown                         - Undefined Weak Reference
    _get_lc_collate                           - Undefined Weak Reference
    _get_lc_ctype                             - Undefined Weak Reference
    _get_lc_monetary                          - Undefined Weak Reference
    _get_lc_numeric                           - Undefined Weak Reference
    _get_lc_time                              - Undefined Weak Reference
    _getenv_init                              - Undefined Weak Reference
    _handle_redirection                       - Undefined Weak Reference
    _init_alloc                               - Undefined Weak Reference
    _init_user_alloc                          - Undefined Weak Reference
    _initio                                   - Undefined Weak Reference
    _rand_init                                - Undefined Weak Reference
    _signal_finish                            - Undefined Weak Reference
    _signal_init                              - Undefined Weak Reference
    _terminate_alloc                          - Undefined Weak Reference
    _terminate_user_alloc                     - Undefined Weak Reference
    _terminateio                              - Undefined Weak Reference
    __Vectors_Size                           0x00000188   Number         0  startup_stm32f407xx.o ABSOLUTE
    __Vectors                                0x08000000   Data           4  startup_stm32f407xx.o(RESET)
    __Vectors_End                            0x08000188   Data           0  startup_stm32f407xx.o(RESET)
    __main                                   0x08000189   Thumb Code     8  __main.o(!!!main)
    __scatterload                            0x08000191   Thumb Code     0  __scatter.o(!!!scatter)
    __scatterload_rt2                        0x08000191   Thumb Code    44  __scatter.o(!!!scatter)
    __scatterload_rt2_thumb_only             0x08000191   Thumb Code     0  __scatter.o(!!!scatter)
    __scatterload_null                       0x0800019f   Thumb Code     0  __scatter.o(!!!scatter)
    __scatterload_copy                       0x080001c5   Thumb Code    26  __scatter_copy.o(!!handler_copy)
    __scatterload_zeroinit                   0x080001e1   Thumb Code    28  __scatter_zi.o(!!handler_zi)
    __rt_lib_init                            0x080001fd   Thumb Code     0  libinit.o(.ARM.Collect$$libinit$$00000000)
    __rt_lib_init_fp_1                       0x080001ff   Thumb Code     0  libinit2.o(.ARM.Collect$$libinit$$00000001)
    __rt_lib_init_alloca_1                   0x08000203   Thumb Code     0  libinit2.o(.ARM.Collect$$libinit$$0000002E)
    __rt_lib_init_argv_1                     0x08000203   Thumb Code     0  libinit2.o(.ARM.Collect$$libinit$$0000002C)
    __rt_lib_init_atexit_1                   0x08000203   Thumb Code     0  libinit2.o(.ARM.Collect$$libinit$$0000001B)
    __rt_lib_init_clock_1                    0x08000203   Thumb Code     0  libinit2.o(.ARM.Collect$$libinit$$00000021)
    __rt_lib_init_cpp_1                      0x08000203   Thumb Code     0  libinit2.o(.ARM.Collect$$libinit$$00000032)
    __rt_lib_init_exceptions_1               0x08000203   Thumb Code     0  libinit2.o(.ARM.Collect$$libinit$$00000030)
    __rt_lib_init_fp_trap_1                  0x08000203   Thumb Code     0  libinit2.o(.ARM.Collect$$libinit$$0000001F)
    __rt_lib_init_getenv_1                   0x08000203   Thumb Code     0  libinit2.o(.ARM.Collect$$libinit$$00000023)
    __rt_lib_init_heap_1                     0x08000203   Thumb Code     0  libinit2.o(.ARM.Collect$$libinit$$0000000A)
    __rt_lib_init_lc_collate_1               0x08000203   Thumb Code     0  libinit2.o(.ARM.Collect$$libinit$$00000011)
    __rt_lib_init_lc_ctype_1                 0x08000203   Thumb Code     0  libinit2.o(.ARM.Collect$$libinit$$00000013)
    __rt_lib_init_lc_monetary_1              0x08000203   Thumb Code     0  libinit2.o(.ARM.Collect$$libinit$$00000015)
    __rt_lib_init_lc_numeric_1               0x08000203   Thumb Code     0  libinit2.o(.ARM.Collect$$libinit$$00000017)
    __rt_lib_init_lc_time_1                  0x08000203   Thumb Code     0  libinit2.o(.ARM.Collect$$libinit$$00000019)
    __rt_lib_init_preinit_1                  0x08000203   Thumb Code     0  libinit2.o(.ARM.Collect$$libinit$$00000004)
    __rt_lib_init_rand_1                     0x08000203   Thumb Code     0  libinit2.o(.ARM.Collect$$libinit$$0000000E)
    __rt_lib_init_return                     0x08000203   Thumb Code     0  libinit2.o(.ARM.Collect$$libinit$$00000033)
    __rt_lib_init_signal_1                   0x08000203   Thumb Code     0  libinit2.o(.ARM.Collect$$libinit$$0000001D)
    __rt_lib_init_stdio_1                    0x08000203   Thumb Code     0  libinit2.o(.ARM.Collect$$libinit$$00000025)
    __rt_lib_init_user_alloc_1               0x08000203   Thumb Code     0  libinit2.o(.ARM.Collect$$libinit$$0000000C)
    __rt_lib_shutdown                        0x08000205   Thumb Code     0  libshutdown.o(.ARM.Collect$$libshutdown$$00000000)
    __rt_lib_shutdown_cpp_1                  0x08000207   Thumb Code     0  libshutdown2.o(.ARM.Collect$$libshutdown$$00000002)
    __rt_lib_shutdown_fp_trap_1              0x08000207   Thumb Code     0  libshutdown2.o(.ARM.Collect$$libshutdown$$00000007)
    __rt_lib_shutdown_heap_1                 0x08000207   Thumb Code     0  libshutdown2.o(.ARM.Collect$$libshutdown$$0000000F)
    __rt_lib_shutdown_return                 0x08000207   Thumb Code     0  libshutdown2.o(.ARM.Collect$$libshutdown$$00000010)
    __rt_lib_shutdown_signal_1               0x08000207   Thumb Code     0  libshutdown2.o(.ARM.Collect$$libshutdown$$0000000A)
    __rt_lib_shutdown_stdio_1                0x08000207   Thumb Code     0  libshutdown2.o(.ARM.Collect$$libshutdown$$00000004)
    __rt_lib_shutdown_user_alloc_1           0x08000207   Thumb Code     0  libshutdown2.o(.ARM.Collect$$libshutdown$$0000000C)
    __rt_entry                               0x08000209   Thumb Code     0  __rtentry.o(.ARM.Collect$$rtentry$$00000000)
    __rt_entry_presh_1                       0x08000209   Thumb Code     0  __rtentry2.o(.ARM.Collect$$rtentry$$00000002)
    __rt_entry_sh                            0x08000209   Thumb Code     0  __rtentry4.o(.ARM.Collect$$rtentry$$00000004)
    __rt_entry_li                            0x0800020f   Thumb Code     0  __rtentry2.o(.ARM.Collect$$rtentry$$0000000A)
    __rt_entry_postsh_1                      0x0800020f   Thumb Code     0  __rtentry2.o(.ARM.Collect$$rtentry$$00000009)
    __rt_entry_main                          0x08000213   Thumb Code     0  __rtentry2.o(.ARM.Collect$$rtentry$$0000000D)
    __rt_entry_postli_1                      0x08000213   Thumb Code     0  __rtentry2.o(.ARM.Collect$$rtentry$$0000000C)
    __rt_exit                                0x0800021b   Thumb Code     0  rtexit.o(.ARM.Collect$$rtexit$$00000000)
    __rt_exit_ls                             0x0800021d   Thumb Code     0  rtexit2.o(.ARM.Collect$$rtexit$$00000003)
    __rt_exit_prels_1                        0x0800021d   Thumb Code     0  rtexit2.o(.ARM.Collect$$rtexit$$00000002)
    __rt_exit_exit                           0x08000221   Thumb Code     0  rtexit2.o(.ARM.Collect$$rtexit$$00000004)
    Reset_Handler                            0x08000229   Thumb Code     8  startup_stm32f407xx.o(.text)
    ADC_IRQHandler                           0x08000243   Thumb Code     0  startup_stm32f407xx.o(.text)
    CAN1_RX0_IRQHandler                      0x08000243   Thumb Code     0  startup_stm32f407xx.o(.text)
    CAN1_RX1_IRQHandler                      0x08000243   Thumb Code     0  startup_stm32f407xx.o(.text)
    CAN1_SCE_IRQHandler                      0x08000243   Thumb Code     0  startup_stm32f407xx.o(.text)
    CAN1_TX_IRQHandler                       0x08000243   Thumb Code     0  startup_stm32f407xx.o(.text)
    CAN2_RX0_IRQHandler                      0x08000243   Thumb Code     0  startup_stm32f407xx.o(.text)
    CAN2_RX1_IRQHandler                      0x08000243   Thumb Code     0  startup_stm32f407xx.o(.text)
    CAN2_SCE_IRQHandler                      0x08000243   Thumb Code     0  startup_stm32f407xx.o(.text)
    CAN2_TX_IRQHandler                       0x08000243   Thumb Code     0  startup_stm32f407xx.o(.text)
    DCMI_IRQHandler                          0x08000243   Thumb Code     0  startup_stm32f407xx.o(.text)
    DMA1_Stream0_IRQHandler                  0x08000243   Thumb Code     0  startup_stm32f407xx.o(.text)
    DMA1_Stream1_IRQHandler                  0x08000243   Thumb Code     0  startup_stm32f407xx.o(.text)
    DMA1_Stream2_IRQHandler                  0x08000243   Thumb Code     0  startup_stm32f407xx.o(.text)
    DMA1_Stream3_IRQHandler                  0x08000243   Thumb Code     0  startup_stm32f407xx.o(.text)
    DMA1_Stream4_IRQHandler                  0x08000243   Thumb Code     0  startup_stm32f407xx.o(.text)
    DMA1_Stream6_IRQHandler                  0x08000243   Thumb Code     0  startup_stm32f407xx.o(.text)
    DMA1_Stream7_IRQHandler                  0x08000243   Thumb Code     0  startup_stm32f407xx.o(.text)
    DMA2_Stream0_IRQHandler                  0x08000243   Thumb Code     0  startup_stm32f407xx.o(.text)
    DMA2_Stream1_IRQHandler                  0x08000243   Thumb Code     0  startup_stm32f407xx.o(.text)
    DMA2_Stream2_IRQHandler                  0x08000243   Thumb Code     0  startup_stm32f407xx.o(.text)
    DMA2_Stream3_IRQHandler                  0x08000243   Thumb Code     0  startup_stm32f407xx.o(.text)
    DMA2_Stream4_IRQHandler                  0x08000243   Thumb Code     0  startup_stm32f407xx.o(.text)
    DMA2_Stream5_IRQHandler                  0x08000243   Thumb Code     0  startup_stm32f407xx.o(.text)
    DMA2_Stream6_IRQHandler                  0x08000243   Thumb Code     0  startup_stm32f407xx.o(.text)
    DMA2_Stream7_IRQHandler                  0x08000243   Thumb Code     0  startup_stm32f407xx.o(.text)
    ETH_IRQHandler                           0x08000243   Thumb Code     0  startup_stm32f407xx.o(.text)
    ETH_WKUP_IRQHandler                      0x08000243   Thumb Code     0  startup_stm32f407xx.o(.text)
    EXTI0_IRQHandler                         0x08000243   Thumb Code     0  startup_stm32f407xx.o(.text)
    EXTI15_10_IRQHandler                     0x08000243   Thumb Code     0  startup_stm32f407xx.o(.text)
    EXTI1_IRQHandler                         0x08000243   Thumb Code     0  startup_stm32f407xx.o(.text)
    EXTI2_IRQHandler                         0x08000243   Thumb Code     0  startup_stm32f407xx.o(.text)
    EXTI3_IRQHandler                         0x08000243   Thumb Code     0  startup_stm32f407xx.o(.text)
    EXTI4_IRQHandler                         0x08000243   Thumb Code     0  startup_stm32f407xx.o(.text)
    EXTI9_5_IRQHandler                       0x08000243   Thumb Code     0  startup_stm32f407xx.o(.text)
    FLASH_IRQHandler                         0x08000243   Thumb Code     0  startup_stm32f407xx.o(.text)
    FMC_IRQHandler                           0x08000243   Thumb Code     0  startup_stm32f407xx.o(.text)
    FPU_IRQHandler                           0x08000243   Thumb Code     0  startup_stm32f407xx.o(.text)
    HASH_RNG_IRQHandler                      0x08000243   Thumb Code     0  startup_stm32f407xx.o(.text)
    I2C1_ER_IRQHandler                       0x08000243   Thumb Code     0  startup_stm32f407xx.o(.text)
    I2C1_EV_IRQHandler                       0x08000243   Thumb Code     0  startup_stm32f407xx.o(.text)
    I2C2_ER_IRQHandler                       0x08000243   Thumb Code     0  startup_stm32f407xx.o(.text)
    I2C2_EV_IRQHandler                       0x08000243   Thumb Code     0  startup_stm32f407xx.o(.text)
    I2C3_ER_IRQHandler                       0x08000243   Thumb Code     0  startup_stm32f407xx.o(.text)
    I2C3_EV_IRQHandler                       0x08000243   Thumb Code     0  startup_stm32f407xx.o(.text)
    OTG_FS_IRQHandler                        0x08000243   Thumb Code     0  startup_stm32f407xx.o(.text)
    OTG_FS_WKUP_IRQHandler                   0x08000243   Thumb Code     0  startup_stm32f407xx.o(.text)
    OTG_HS_EP1_IN_IRQHandler                 0x08000243   Thumb Code     0  startup_stm32f407xx.o(.text)
    OTG_HS_EP1_OUT_IRQHandler                0x08000243   Thumb Code     0  startup_stm32f407xx.o(.text)
    OTG_HS_IRQHandler                        0x08000243   Thumb Code     0  startup_stm32f407xx.o(.text)
    OTG_HS_WKUP_IRQHandler                   0x08000243   Thumb Code     0  startup_stm32f407xx.o(.text)
    PVD_IRQHandler                           0x08000243   Thumb Code     0  startup_stm32f407xx.o(.text)
    RCC_IRQHandler                           0x08000243   Thumb Code     0  startup_stm32f407xx.o(.text)
    RTC_Alarm_IRQHandler                     0x08000243   Thumb Code     0  startup_stm32f407xx.o(.text)
    RTC_WKUP_IRQHandler                      0x08000243   Thumb Code     0  startup_stm32f407xx.o(.text)
    SDIO_IRQHandler                          0x08000243   Thumb Code     0  startup_stm32f407xx.o(.text)
    SPI1_IRQHandler                          0x08000243   Thumb Code     0  startup_stm32f407xx.o(.text)
    SPI2_IRQHandler                          0x08000243   Thumb Code     0  startup_stm32f407xx.o(.text)
    SPI3_IRQHandler                          0x08000243   Thumb Code     0  startup_stm32f407xx.o(.text)
    TAMP_STAMP_IRQHandler                    0x08000243   Thumb Code     0  startup_stm32f407xx.o(.text)
    TIM2_IRQHandler                          0x08000243   Thumb Code     0  startup_stm32f407xx.o(.text)
    TIM3_IRQHandler                          0x08000243   Thumb Code     0  startup_stm32f407xx.o(.text)
    TIM4_IRQHandler                          0x08000243   Thumb Code     0  startup_stm32f407xx.o(.text)
    TIM5_IRQHandler                          0x08000243   Thumb Code     0  startup_stm32f407xx.o(.text)
    TIM7_IRQHandler                          0x08000243   Thumb Code     0  startup_stm32f407xx.o(.text)
    TIM8_BRK_TIM12_IRQHandler                0x08000243   Thumb Code     0  startup_stm32f407xx.o(.text)
    TIM8_CC_IRQHandler                       0x08000243   Thumb Code     0  startup_stm32f407xx.o(.text)
    TIM8_TRG_COM_TIM14_IRQHandler            0x08000243   Thumb Code     0  startup_stm32f407xx.o(.text)
    TIM8_UP_TIM13_IRQHandler                 0x08000243   Thumb Code     0  startup_stm32f407xx.o(.text)
    USART6_IRQHandler                        0x08000243   Thumb Code     0  startup_stm32f407xx.o(.text)
    WWDG_IRQHandler                          0x08000243   Thumb Code     0  startup_stm32f407xx.o(.text)
    __user_initial_stackheap                 0x08000245   Thumb Code     0  startup_stm32f407xx.o(.text)
    __aeabi_uldivmod                         0x08000269   Thumb Code     0  lludivv7m.o(.text)
    _ll_udiv                                 0x08000269   Thumb Code   238  lludivv7m.o(.text)
    __aeabi_memcpy                           0x08000357   Thumb Code     0  rt_memcpy_v6.o(.text)
    __rt_memcpy                              0x08000357   Thumb Code   138  rt_memcpy_v6.o(.text)
    _memcpy_lastbytes                        0x080003bd   Thumb Code     0  rt_memcpy_v6.o(.text)
    __aeabi_memclr                           0x080003e1   Thumb Code     0  rt_memclr.o(.text)
    __rt_memclr                              0x080003e1   Thumb Code    68  rt_memclr.o(.text)
    _memset                                  0x080003e5   Thumb Code     0  rt_memclr.o(.text)
    __aeabi_memclr4                          0x08000425   Thumb Code     0  rt_memclr_w.o(.text)
    __aeabi_memclr8                          0x08000425   Thumb Code     0  rt_memclr_w.o(.text)
    __rt_memclr_w                            0x08000425   Thumb Code    78  rt_memclr_w.o(.text)
    _memset_w                                0x08000429   Thumb Code     0  rt_memclr_w.o(.text)
    __use_two_region_memory                  0x08000473   Thumb Code     2  heapauxi.o(.text)
    __rt_heap_escrow$2region                 0x08000475   Thumb Code     2  heapauxi.o(.text)
    __rt_heap_expand$2region                 0x08000477   Thumb Code     2  heapauxi.o(.text)
    __read_errno                             0x08000479   Thumb Code    10  _rserrno.o(.text)
    __set_errno                              0x08000483   Thumb Code    12  _rserrno.o(.text)
    __aeabi_memcpy4                          0x0800048f   Thumb Code     0  rt_memcpy_w.o(.text)
    __aeabi_memcpy8                          0x0800048f   Thumb Code     0  rt_memcpy_w.o(.text)
    __rt_memcpy_w                            0x0800048f   Thumb Code   100  rt_memcpy_w.o(.text)
    _memcpy_lastbytes_aligned                0x080004d7   Thumb Code     0  rt_memcpy_w.o(.text)
    __aeabi_errno_addr                       0x080004f5   Thumb Code     8  rt_errno_addr_intlibspace.o(.text)
    __errno$intlibspace                      0x080004f5   Thumb Code     0  rt_errno_addr_intlibspace.o(.text)
    __rt_errno_addr$intlibspace              0x080004f5   Thumb Code     0  rt_errno_addr_intlibspace.o(.text)
    __user_libspace                          0x080004fd   Thumb Code     8  libspace.o(.text)
    __user_perproc_libspace                  0x080004fd   Thumb Code     0  libspace.o(.text)
    __user_perthread_libspace                0x080004fd   Thumb Code     0  libspace.o(.text)
    __user_setup_stackheap                   0x08000505   Thumb Code    74  sys_stackheap_outer.o(.text)
    exit                                     0x0800054f   Thumb Code    18  exit.o(.text)
    _sys_exit                                0x08000561   Thumb Code     8  sys_exit.o(.text)
    __I$use$semihosting                      0x0800056d   Thumb Code     0  use_no_semi.o(.text)
    __use_no_semihosting_swi                 0x0800056d   Thumb Code     2  use_no_semi.o(.text)
    BusFault_Handler                         0x0800056f   Thumb Code     2  stm32f4xx_it.o(i.BusFault_Handler)
    __semihosting_library_function           0x0800056f   Thumb Code     0  indicate_semi.o(.text)
    Car_Calibration                          0x08000571   Thumb Code   462  motor.o(i.Car_Calibration)
    Car_Go_Target                            0x08000785   Thumb Code   236  motor.o(i.Car_Go_Target)
    Car_Turn                                 0x08000879   Thumb Code   324  motor.o(i.Car_Turn)
    Char_To_Num                              0x080009c5   Thumb Code    62  pi.o(i.Char_To_Num)
    Control_Proc                             0x08000a05   Thumb Code   960  control.o(i.Control_Proc)
    DMA1_Stream5_IRQHandler                  0x08000e1d   Thumb Code     6  stm32f4xx_it.o(i.DMA1_Stream5_IRQHandler)
    DebugMon_Handler                         0x08000ecd   Thumb Code     2  stm32f4xx_it.o(i.DebugMon_Handler)
    Delay                                    0x08000ecf   Thumb Code    14  oled.o(i.Delay)
    Delay_Init                               0x08000edd   Thumb Code    18  delay.o(i.Delay_Init)
    Delay_ms                                 0x08000ef5   Thumb Code    54  delay.o(i.Delay_ms)
    Delay_us                                 0x08000f31   Thumb Code    48  delay.o(i.Delay_us)
    Error_Handler                            0x08000f65   Thumb Code     4  main.o(i.Error_Handler)
    Get_Loads                                0x08000f69   Thumb Code   452  move.o(i.Get_Loads)
    HAL_DMA_Abort                            0x08001135   Thumb Code   146  stm32f4xx_hal_dma.o(i.HAL_DMA_Abort)
    HAL_DMA_Abort_IT                         0x080011c7   Thumb Code    36  stm32f4xx_hal_dma.o(i.HAL_DMA_Abort_IT)
    HAL_DMA_IRQHandler                       0x080011ed   Thumb Code   412  stm32f4xx_hal_dma.o(i.HAL_DMA_IRQHandler)
    HAL_DMA_Init                             0x0800138d   Thumb Code   206  stm32f4xx_hal_dma.o(i.HAL_DMA_Init)
    HAL_DMA_Start_IT                         0x08001461   Thumb Code   110  stm32f4xx_hal_dma.o(i.HAL_DMA_Start_IT)
    HAL_GPIO_Init                            0x080014d1   Thumb Code   450  stm32f4xx_hal_gpio.o(i.HAL_GPIO_Init)
    HAL_GPIO_ReadPin                         0x080016c1   Thumb Code    10  stm32f4xx_hal_gpio.o(i.HAL_GPIO_ReadPin)
    HAL_GPIO_TogglePin                       0x080016cb   Thumb Code    16  stm32f4xx_hal_gpio.o(i.HAL_GPIO_TogglePin)
    HAL_GPIO_WritePin                        0x080016db   Thumb Code    10  stm32f4xx_hal_gpio.o(i.HAL_GPIO_WritePin)
    HAL_GetTick                              0x080016e5   Thumb Code     6  stm32f4xx_hal.o(i.HAL_GetTick)
    HAL_IncTick                              0x080016f1   Thumb Code    12  stm32f4xx_hal.o(i.HAL_IncTick)
    HAL_Init                                 0x08001701   Thumb Code    48  stm32f4xx_hal.o(i.HAL_Init)
    HAL_InitTick                             0x08001735   Thumb Code    54  stm32f4xx_hal.o(i.HAL_InitTick)
    HAL_MspInit                              0x08001775   Thumb Code    42  stm32f4xx_hal_msp.o(i.HAL_MspInit)
    HAL_NVIC_EnableIRQ                       0x080017a5   Thumb Code    26  stm32f4xx_hal_cortex.o(i.HAL_NVIC_EnableIRQ)
    HAL_NVIC_SetPriority                     0x080017c1   Thumb Code    60  stm32f4xx_hal_cortex.o(i.HAL_NVIC_SetPriority)
    HAL_NVIC_SetPriorityGrouping             0x08001801   Thumb Code    26  stm32f4xx_hal_cortex.o(i.HAL_NVIC_SetPriorityGrouping)
    HAL_RCC_ClockConfig                      0x08001825   Thumb Code   288  stm32f4xx_hal_rcc.o(i.HAL_RCC_ClockConfig)
    HAL_RCC_GetPCLK1Freq                     0x08001959   Thumb Code    20  stm32f4xx_hal_rcc.o(i.HAL_RCC_GetPCLK1Freq)
    HAL_RCC_GetPCLK2Freq                     0x08001979   Thumb Code    20  stm32f4xx_hal_rcc.o(i.HAL_RCC_GetPCLK2Freq)
    HAL_RCC_GetSysClockFreq                  0x08001999   Thumb Code    88  stm32f4xx_hal_rcc.o(i.HAL_RCC_GetSysClockFreq)
    HAL_RCC_OscConfig                        0x080019f9   Thumb Code   856  stm32f4xx_hal_rcc.o(i.HAL_RCC_OscConfig)
    HAL_SYSTICK_CLKSourceConfig              0x08001d65   Thumb Code    24  stm32f4xx_hal_cortex.o(i.HAL_SYSTICK_CLKSourceConfig)
    HAL_SYSTICK_Config                       0x08001d7d   Thumb Code    40  stm32f4xx_hal_cortex.o(i.HAL_SYSTICK_Config)
    HAL_TIMEx_BreakCallback                  0x08001da5   Thumb Code     2  stm32f4xx_hal_tim_ex.o(i.HAL_TIMEx_BreakCallback)
    HAL_TIMEx_CommutCallback                 0x08001da7   Thumb Code     2  stm32f4xx_hal_tim_ex.o(i.HAL_TIMEx_CommutCallback)
    HAL_TIMEx_ConfigBreakDeadTime            0x08001da9   Thumb Code    84  stm32f4xx_hal_tim_ex.o(i.HAL_TIMEx_ConfigBreakDeadTime)
    HAL_TIMEx_MasterConfigSynchronization    0x08001dfd   Thumb Code   116  stm32f4xx_hal_tim_ex.o(i.HAL_TIMEx_MasterConfigSynchronization)
    HAL_TIM_Base_Init                        0x08001e8d   Thumb Code    90  stm32f4xx_hal_tim.o(i.HAL_TIM_Base_Init)
    HAL_TIM_Base_MspInit                     0x08001ee9   Thumb Code   160  tim.o(i.HAL_TIM_Base_MspInit)
    HAL_TIM_Base_Start_IT                    0x08001f99   Thumb Code   100  stm32f4xx_hal_tim.o(i.HAL_TIM_Base_Start_IT)
    HAL_TIM_ConfigClockSource                0x08002019   Thumb Code   220  stm32f4xx_hal_tim.o(i.HAL_TIM_ConfigClockSource)
    HAL_TIM_IC_CaptureCallback               0x080020f5   Thumb Code     2  stm32f4xx_hal_tim.o(i.HAL_TIM_IC_CaptureCallback)
    HAL_TIM_IRQHandler                       0x080020f7   Thumb Code   358  stm32f4xx_hal_tim.o(i.HAL_TIM_IRQHandler)
    HAL_TIM_MspPostInit                      0x0800225d   Thumb Code   148  tim.o(i.HAL_TIM_MspPostInit)
    HAL_TIM_OC_ConfigChannel                 0x08002309   Thumb Code    82  stm32f4xx_hal_tim.o(i.HAL_TIM_OC_ConfigChannel)
    HAL_TIM_OC_DelayElapsedCallback          0x0800235b   Thumb Code     2  stm32f4xx_hal_tim.o(i.HAL_TIM_OC_DelayElapsedCallback)
    HAL_TIM_OC_Init                          0x0800235d   Thumb Code    90  stm32f4xx_hal_tim.o(i.HAL_TIM_OC_Init)
    HAL_TIM_OC_MspInit                       0x080023b7   Thumb Code     2  stm32f4xx_hal_tim.o(i.HAL_TIM_OC_MspInit)
    HAL_TIM_PWM_ConfigChannel                0x080023b9   Thumb Code   204  stm32f4xx_hal_tim.o(i.HAL_TIM_PWM_ConfigChannel)
    HAL_TIM_PWM_Init                         0x08002485   Thumb Code    90  stm32f4xx_hal_tim.o(i.HAL_TIM_PWM_Init)
    HAL_TIM_PWM_MspInit                      0x080024df   Thumb Code     2  stm32f4xx_hal_tim.o(i.HAL_TIM_PWM_MspInit)
    HAL_TIM_PWM_PulseFinishedCallback        0x080024e1   Thumb Code     2  stm32f4xx_hal_tim.o(i.HAL_TIM_PWM_PulseFinishedCallback)
    HAL_TIM_PWM_Start                        0x080024e5   Thumb Code   172  stm32f4xx_hal_tim.o(i.HAL_TIM_PWM_Start)
    HAL_TIM_PeriodElapsedCallback            0x080025ad   Thumb Code   132  move.o(i.HAL_TIM_PeriodElapsedCallback)
    HAL_TIM_TriggerCallback                  0x08002645   Thumb Code     2  stm32f4xx_hal_tim.o(i.HAL_TIM_TriggerCallback)
    HAL_UARTEx_RxEventCallback               0x08002647   Thumb Code     2  stm32f4xx_hal_uart.o(i.HAL_UARTEx_RxEventCallback)
    HAL_UART_DMAStop                         0x08002649   Thumb Code   112  stm32f4xx_hal_uart.o(i.HAL_UART_DMAStop)
    HAL_UART_ErrorCallback                   0x080026b9   Thumb Code     2  stm32f4xx_hal_uart.o(i.HAL_UART_ErrorCallback)
    HAL_UART_IRQHandler                      0x080026bd   Thumb Code   610  stm32f4xx_hal_uart.o(i.HAL_UART_IRQHandler)
    HAL_UART_IdleCallback                    0x08002925   Thumb Code    70  stm32f4xx_it.o(i.HAL_UART_IdleCallback)
    HAL_UART_Init                            0x08002981   Thumb Code    98  stm32f4xx_hal_uart.o(i.HAL_UART_Init)
    HAL_UART_MspInit                         0x080029e5   Thumb Code   554  usart.o(i.HAL_UART_MspInit)
    HAL_UART_Receive_DMA                     0x08002c3d   Thumb Code    42  stm32f4xx_hal_uart.o(i.HAL_UART_Receive_DMA)
    HAL_UART_Receive_IT                      0x08002c67   Thumb Code    42  stm32f4xx_hal_uart.o(i.HAL_UART_Receive_IT)
    HAL_UART_RxCpltCallback                  0x08002c91   Thumb Code    60  stm32f4xx_it.o(i.HAL_UART_RxCpltCallback)
    HAL_UART_RxHalfCpltCallback              0x08002ce5   Thumb Code     2  stm32f4xx_hal_uart.o(i.HAL_UART_RxHalfCpltCallback)
    HAL_UART_Transmit                        0x08002ce9   Thumb Code   178  stm32f4xx_hal_uart.o(i.HAL_UART_Transmit)
    HAL_UART_TxCpltCallback                  0x08002d9b   Thumb Code     2  stm32f4xx_hal_uart.o(i.HAL_UART_TxCpltCallback)
    HardFault_Handler                        0x08002d9d   Thumb Code     2  stm32f4xx_it.o(i.HardFault_Handler)
    HuaGui_DOWN                              0x08002da1   Thumb Code    30  motor.o(i.HuaGui_DOWN)
    HuaGui_DOWN2                             0x08002dc5   Thumb Code    30  motor.o(i.HuaGui_DOWN2)
    HuaGui_Fang                              0x08002de9   Thumb Code    30  motor.o(i.HuaGui_Fang)
    HuaGui_Init_Proc                         0x08002e0d   Thumb Code    96  main.o(i.HuaGui_Init_Proc)
    HuaGui_JiaoZhun                          0x08002e75   Thumb Code    52  motor.o(i.HuaGui_JiaoZhun)
    HuaGui_Qu                                0x08002eb5   Thumb Code    30  motor.o(i.HuaGui_Qu)
    HuaGui_Turn                              0x08002ed9   Thumb Code    70  servo.o(i.HuaGui_Turn)
    HuaGui_UP                                0x08002f39   Thumb Code    28  motor.o(i.HuaGui_UP)
    HuaGui_ZhuanPan                          0x08002f59   Thumb Code    30  motor.o(i.HuaGui_ZhuanPan)
    IMU_Init                                 0x08002f7d   Thumb Code    50  imu.o(i.IMU_Init)
    IMU_Proc                                 0x08002fc1   Thumb Code   134  imu.o(i.IMU_Proc)
    JiaZhua_Turn                             0x08003069   Thumb Code    66  servo.o(i.JiaZhua_Turn)
    Key_Proc                                 0x080030bd   Thumb Code   192  main.o(i.Key_Proc)
    LCD_Init                                 0x08003191   Thumb Code    28  lcd.o(i.LCD_Init)
    LCD_SendData                             0x080031b9   Thumb Code   176  lcd.o(i.LCD_SendData)
    MX_DMA_Init                              0x08003275   Thumb Code    40  dma.o(i.MX_DMA_Init)
    MX_GPIO_Init                             0x080032a1   Thumb Code   294  gpio.o(i.MX_GPIO_Init)
    MX_TIM1_Init                             0x080033dd   Thumb Code   238  tim.o(i.MX_TIM1_Init)
    MX_TIM3_Init                             0x080034d5   Thumb Code   194  tim.o(i.MX_TIM3_Init)
    MX_TIM6_Init                             0x080035a1   Thumb Code    62  tim.o(i.MX_TIM6_Init)
    MX_UART4_Init                            0x080035e9   Thumb Code    48  usart.o(i.MX_UART4_Init)
    MX_UART5_Init                            0x08003621   Thumb Code    48  usart.o(i.MX_UART5_Init)
    MX_USART1_UART_Init                      0x08003659   Thumb Code    48  usart.o(i.MX_USART1_UART_Init)
    MX_USART2_UART_Init                      0x08003691   Thumb Code    48  usart.o(i.MX_USART2_UART_Init)
    MX_USART3_UART_Init                      0x080036c9   Thumb Code    48  usart.o(i.MX_USART3_UART_Init)
    MemManage_Handler                        0x08003701   Thumb Code     2  stm32f4xx_it.o(i.MemManage_Handler)
    Motor_Disable                            0x08003705   Thumb Code    46  motor.o(i.Motor_Disable)
    Motor_Disable_All                        0x0800373d   Thumb Code    36  motor.o(i.Motor_Disable_All)
    Motor_Enable                             0x08003761   Thumb Code    48  motor.o(i.Motor_Enable)
    Motor_Enable_All                         0x08003799   Thumb Code    36  motor.o(i.Motor_Enable_All)
    Motor_Init                               0x080037bd   Thumb Code    44  motor.o(i.Motor_Init)
    Motor_Read_Current                       0x080037f1   Thumb Code    36  motor.o(i.Motor_Read_Current)
    Motor_Receive_Data                       0x0800381d   Thumb Code   226  motor.o(i.Motor_Receive_Data)
    Motor_Reset                              0x08003909   Thumb Code    82  motor.o(i.Motor_Reset)
    Motor_Run                                0x08003965   Thumb Code    44  motor.o(i.Motor_Run)
    Motor_SetPosition                        0x08003999   Thumb Code   118  motor.o(i.Motor_SetPosition)
    Motor_SetPosition_A                      0x08003a1d   Thumb Code   150  motor.o(i.Motor_SetPosition_A)
    Motor_SetSpeed                           0x08003ac1   Thumb Code    84  motor.o(i.Motor_SetSpeed)
    My_ABS                                   0x08003b1d   Thumb Code     8  motor.o(i.My_ABS)
    NMI_Handler                              0x08003b25   Thumb Code     2  stm32f4xx_it.o(i.NMI_Handler)
    OLED_Clear                               0x08003b27   Thumb Code    38  oled.o(i.OLED_Clear)
    OLED_I2C_Init                            0x08003b4d   Thumb Code    40  oled.o(i.OLED_I2C_Init)
    OLED_I2C_SendByte                        0x08003b79   Thumb Code   116  oled.o(i.OLED_I2C_SendByte)
    OLED_I2C_Start                           0x08003bf1   Thumb Code    76  oled.o(i.OLED_I2C_Start)
    OLED_I2C_Stop                            0x08003c41   Thumb Code    72  oled.o(i.OLED_I2C_Stop)
    OLED_Init                                0x08003c8d   Thumb Code   172  oled.o(i.OLED_Init)
    OLED_Pow                                 0x08003d39   Thumb Code    14  oled.o(i.OLED_Pow)
    OLED_Proc                                0x08003d49   Thumb Code   204  main.o(i.OLED_Proc)
    OLED_SetCursor                           0x08003e6d   Thumb Code    34  oled.o(i.OLED_SetCursor)
    OLED_ShowChar                            0x08003e91   Thumb Code    98  oled.o(i.OLED_ShowChar)
    OLED_ShowNum                             0x08003ef9   Thumb Code    66  oled.o(i.OLED_ShowNum)
    OLED_ShowSignedNum                       0x08003f3b   Thumb Code    88  oled.o(i.OLED_ShowSignedNum)
    OLED_ShowString                          0x08003f93   Thumb Code    38  oled.o(i.OLED_ShowString)
    OLED_WriteCommand                        0x08003fb9   Thumb Code    34  oled.o(i.OLED_WriteCommand)
    OLED_WriteData                           0x08003fdb   Thumb Code    34  oled.o(i.OLED_WriteData)
    PI_Data_Receive_Proc                     0x08003ffd   Thumb Code   222  pi.o(i.PI_Data_Receive_Proc)
    PI_Init                                  0x080040e1   Thumb Code    22  pi.o(i.PI_Init)
    PI_Receive_Data                          0x08004101   Thumb Code   150  pi.o(i.PI_Receive_Data)
    PendSV_Handler                           0x0800419d   Thumb Code     2  stm32f4xx_it.o(i.PendSV_Handler)
    Put_Loads                                0x080041a1   Thumb Code   402  move.o(i.Put_Loads)
    SVC_Handler                              0x0800433d   Thumb Code     2  stm32f4xx_it.o(i.SVC_Handler)
    Servo_CallBack                           0x08004341   Thumb Code   206  servo.o(i.Servo_CallBack)
    Servo_Init                               0x08004419   Thumb Code    60  servo.o(i.Servo_Init)
    Servo_SetAngle                           0x08004461   Thumb Code   188  servo.o(i.Servo_SetAngle)
    SysTick_Handler                          0x08004555   Thumb Code     4  stm32f4xx_it.o(i.SysTick_Handler)
    SystemClock_Config                       0x08004559   Thumb Code   138  main.o(i.SystemClock_Config)
    SystemInit                               0x080045ed   Thumb Code    12  system_stm32f4xx.o(i.SystemInit)
    TIM1_BRK_TIM9_IRQHandler                 0x080045fd   Thumb Code     6  stm32f4xx_it.o(i.TIM1_BRK_TIM9_IRQHandler)
    TIM1_CC_IRQHandler                       0x08004609   Thumb Code     6  stm32f4xx_it.o(i.TIM1_CC_IRQHandler)
    TIM1_TRG_COM_TIM11_IRQHandler            0x08004615   Thumb Code     6  stm32f4xx_it.o(i.TIM1_TRG_COM_TIM11_IRQHandler)
    TIM1_UP_TIM10_IRQHandler                 0x08004621   Thumb Code     6  stm32f4xx_it.o(i.TIM1_UP_TIM10_IRQHandler)
    TIM6_DAC_IRQHandler                      0x0800462d   Thumb Code     6  stm32f4xx_it.o(i.TIM6_DAC_IRQHandler)
    TIM_Base_SetConfig                       0x08004639   Thumb Code   156  stm32f4xx_hal_tim.o(i.TIM_Base_SetConfig)
    TIM_CCxChannelCmd                        0x08004701   Thumb Code    26  stm32f4xx_hal_tim.o(i.TIM_CCxChannelCmd)
    TIM_ETR_SetConfig                        0x0800471b   Thumb Code    20  stm32f4xx_hal_tim.o(i.TIM_ETR_SetConfig)
    TIM_OC2_SetConfig                        0x080047a1   Thumb Code    98  stm32f4xx_hal_tim.o(i.TIM_OC2_SetConfig)
    UART4_IRQHandler                         0x0800490d   Thumb Code     6  stm32f4xx_it.o(i.UART4_IRQHandler)
    UART5_IRQHandler                         0x08004919   Thumb Code     6  stm32f4xx_it.o(i.UART5_IRQHandler)
    UART_Start_Receive_DMA                   0x08004c51   Thumb Code   134  stm32f4xx_hal_uart.o(i.UART_Start_Receive_DMA)
    UART_Start_Receive_IT                    0x08004ce5   Thumb Code    58  stm32f4xx_hal_uart.o(i.UART_Start_Receive_IT)
    USART1_IRQHandler                        0x08004d99   Thumb Code     6  stm32f4xx_it.o(i.USART1_IRQHandler)
    USART2_IRQHandler                        0x08004da5   Thumb Code    18  stm32f4xx_it.o(i.USART2_IRQHandler)
    USART3_IRQHandler                        0x08004dbd   Thumb Code     6  stm32f4xx_it.o(i.USART3_IRQHandler)
    USER_UART_IRQHandler                     0x08004dc9   Thumb Code    36  stm32f4xx_it.o(i.USER_UART_IRQHandler)
    UsageFault_Handler                       0x08004df5   Thumb Code     2  stm32f4xx_it.o(i.UsageFault_Handler)
    ZaiWu_Turn                               0x08004df9   Thumb Code   108  servo.o(i.ZaiWu_Turn)
    __hardfp_sqrt                            0x08004ea5   Thumb Code   122  sqrt.o(i.__hardfp_sqrt)
    main                                     0x08004f21   Thumb Code   122  main.o(i.main)
    __aeabi_d2f                              0x08004fa5   Thumb Code     0  d2f.o(x$fpl$d2f)
    _d2f                                     0x08004fa5   Thumb Code    98  d2f.o(x$fpl$d2f)
    __aeabi_dadd                             0x08005009   Thumb Code     0  daddsub_clz.o(x$fpl$dadd)
    _dadd                                    0x08005009   Thumb Code   332  daddsub_clz.o(x$fpl$dadd)
    __aeabi_ddiv                             0x08005159   Thumb Code     0  ddiv.o(x$fpl$ddiv)
    _ddiv                                    0x08005159   Thumb Code   552  ddiv.o(x$fpl$ddiv)
    __aeabi_d2iz                             0x08005409   Thumb Code     0  dfix.o(x$fpl$dfix)
    _dfix                                    0x08005409   Thumb Code    94  dfix.o(x$fpl$dfix)
    __aeabi_i2d                              0x08005467   Thumb Code     0  dflt_clz.o(x$fpl$dflt)
    _dflt                                    0x08005467   Thumb Code    46  dflt_clz.o(x$fpl$dflt)
    __aeabi_ui2d                             0x08005495   Thumb Code     0  dflt_clz.o(x$fpl$dfltu)
    _dfltu                                   0x08005495   Thumb Code    38  dflt_clz.o(x$fpl$dfltu)
    __aeabi_dmul                             0x080054bd   Thumb Code     0  dmul.o(x$fpl$dmul)
    _dmul                                    0x080054bd   Thumb Code   332  dmul.o(x$fpl$dmul)
    __fpl_dnaninf                            0x08005611   Thumb Code   156  dnaninf.o(x$fpl$dnaninf)
    __fpl_dretinf                            0x080056ad   Thumb Code    12  dretinf.o(x$fpl$dretinf)
    _dsqrt                                   0x080056b9   Thumb Code   404  dsqrt_umaal.o(x$fpl$dsqrt)
    __aeabi_dsub                             0x08005851   Thumb Code     0  daddsub_clz.o(x$fpl$dsub)
    _dsub                                    0x08005851   Thumb Code   464  daddsub_clz.o(x$fpl$dsub)
    __aeabi_f2d                              0x08005a25   Thumb Code     0  f2d.o(x$fpl$f2d)
    _f2d                                     0x08005a25   Thumb Code    86  f2d.o(x$fpl$f2d)
    __fpl_fnaninf                            0x08005a7b   Thumb Code   140  fnaninf.o(x$fpl$fnaninf)
    _fp_init                                 0x08005b07   Thumb Code    10  fpinit.o(x$fpl$fpinit)
    __fplib_config_fpu_vfp                   0x08005b0f   Thumb Code     0  fpinit.o(x$fpl$fpinit)
    __fplib_config_pureend_doubles           0x08005b0f   Thumb Code     0  fpinit.o(x$fpl$fpinit)
    __fpl_fretinf                            0x08005b11   Thumb Code    10  fretinf.o(x$fpl$fretinf)
    __I$use$fp                               0x08005b1a   Number         0  usenofp.o(x$fpl$usenofp)
    AHBPrescTable                            0x08005b22   Data          16  system_stm32f4xx.o(.constdata)
    APBPrescTable                            0x08005b32   Data           8  system_stm32f4xx.o(.constdata)
    OLED_F8x16                               0x08005b3a   Data        1520  oled.o(.constdata)
    Region$$Table$$Base                      0x0800612c   Number         0  anon$$obj.o(Region$$Table)
    Region$$Table$$Limit                     0x0800614c   Number         0  anon$$obj.o(Region$$Table)
    HuaGui_Init_State                        0x20000000   Data           1  main.o(.data)
    Motor_State                              0x20000001   Data           1  main.o(.data)
    temp1                                    0x20000002   Data           1  main.o(.data)
    temp2                                    0x20000003   Data           1  main.o(.data)
    temp3                                    0x20000004   Data           1  main.o(.data)
    temp4                                    0x20000005   Data           1  main.o(.data)
    uwTickFreq                               0x20000008   Data           1  stm32f4xx_hal.o(.data)
    uwTickPrio                               0x2000000c   Data           4  stm32f4xx_hal.o(.data)
    uwTick                                   0x20000010   Data           4  stm32f4xx_hal.o(.data)
    SystemCoreClock                          0x20000014   Data           4  system_stm32f4xx.o(.data)
    Usart2_Rx_Flag                           0x20000018   Data           1  imu.o(.data)
    Yaw                                      0x2000001c   Data           4  imu.o(.data)
    Last_Yaw                                 0x20000020   Data           4  imu.o(.data)
    LCD_Data                                 0x20000024   Data          19  lcd.o(.data)
    Stop_Flag_Car                            0x20000038   Data           1  motor.o(.data)
    HuaGui_Motor_State                       0x20000039   Data           1  motor.o(.data)
    Stop_Flag_HuaGui                         0x2000003a   Data           1  motor.o(.data)
    uart1_rxbuff                             0x20000041   Data           1  motor.o(.data)
    Motor_HuaGui_Current                     0x20000042   Data           2  motor.o(.data)
    JiaZhua_Servo_Flag                       0x20000058   Data           1  servo.o(.data)
    HuaGui_Servo_Flag                        0x20000059   Data           1  servo.o(.data)
    ZaiWu_Servo_Flag                         0x2000005a   Data           1  servo.o(.data)
    JiaZhua_Angle                            0x2000005c   Data           4  servo.o(.data)
    HuaGui_Angle                             0x20000060   Data           4  servo.o(.data)
    ZaiWu_Angle                              0x20000064   Data           4  servo.o(.data)
    Task_Num0                                0x20000068   Data           1  control.o(.data)
    Running_Flag                             0x20000069   Data           1  control.o(.data)
    Running_Mode                             0x2000006a   Data           1  control.o(.data)
    Task_Num1                                0x20000078   Data           2  control.o(.data)
    Task_Num2                                0x2000007a   Data           2  control.o(.data)
    Car_Speed                                0x2000007c   Data           2  control.o(.data)
    Car_Acc                                  0x2000007e   Data           2  control.o(.data)
    Car_Speed_Slow                           0x20000080   Data           2  control.o(.data)
    Car_Acc_Slow                             0x20000082   Data           2  control.o(.data)
    Car_Turn_Speed_Limit                     0x20000084   Data           2  control.o(.data)
    Motor_HuaGui_Speed                       0x20000086   Data           2  control.o(.data)
    Motor_HuaGui_ACC                         0x20000088   Data           2  control.o(.data)
    Counter_Enable                           0x20000090   Data           1  move.o(.data)
    Car_Counter_Enable                       0x20000091   Data           1  move.o(.data)
    Counter                                  0x20000094   Data           2  move.o(.data)
    Counter_Times                            0x20000096   Data           2  move.o(.data)
    Car_Counter_Times                        0x20000098   Data           2  move.o(.data)
    Car_Counter                              0x2000009a   Data           2  move.o(.data)
    u10ms                                    0x2000009c   Data           2  move.o(.data)
    Yaw_Compensate                           0x200000a0   Data           8  move.o(.data)
    RxFlag                                   0x200000a8   Data           1  pi.o(.data)
    PI_Data0                                 0x200000a9   Data           1  pi.o(.data)
    uart4_rxbuff                             0x200000ac   Data           1  pi.o(.data)
    PI_RawData0                              0x200000ad   Data           2  pi.o(.data)
    PI_Data1                                 0x200000b0   Data           2  pi.o(.data)
    PI_Data2                                 0x200000b2   Data           2  pi.o(.data)
    PI_RawData1                              0x200000b4   Data           4  pi.o(.data)
    PI_RawData2                              0x200000b8   Data           4  pi.o(.data)
    htim1                                    0x200000c0   Data          72  tim.o(.bss)
    htim3                                    0x20000108   Data          72  tim.o(.bss)
    htim6                                    0x20000150   Data          72  tim.o(.bss)
    huart4                                   0x20000198   Data          68  usart.o(.bss)
    huart5                                   0x200001dc   Data          68  usart.o(.bss)
    huart1                                   0x20000220   Data          68  usart.o(.bss)
    huart2                                   0x20000264   Data          68  usart.o(.bss)
    huart3                                   0x200002a8   Data          68  usart.o(.bss)
    hdma_usart2_rx                           0x200002ec   Data          96  usart.o(.bss)
    Usart2_Rx_Buffer                         0x2000034c   Data          50  imu.o(.bss)
    Usart2_aRxBuffer                         0x2000037e   Data          50  imu.o(.bss)
    RxBuffer1                                0x200003b0   Data          20  motor.o(.bss)
    Send_Data                                0x200003c4   Data          20  motor.o(.bss)
    Task_Flag                                0x200003d8   Data         100  control.o(.bss)
    Task_Data1                               0x2000043c   Data         200  control.o(.bss)
    Task_Data2                               0x20000504   Data         200  control.o(.bss)
    __libspace_start                         0x200005cc   Data          96  libspace.o(.bss)
    __temporary_stack_top$libspace           0x2000062c   Data           0  libspace.o(.bss)



==============================================================================

Memory Map of the image

  Image Entry point : 0x08000189

  Load Region LR_IROM1 (Base: 0x08000000, Size: 0x0000620c, Max: 0x00080000, ABSOLUTE)

    Execution Region ER_IROM1 (Exec base: 0x08000000, Load base: 0x08000000, Size: 0x0000614c, Max: 0x00080000, ABSOLUTE)

    Exec Addr    Load Addr    Size         Type   Attr      Idx    E Section Name        Object

    0x08000000   0x08000000   0x00000188   Data   RO            3    RESET               startup_stm32f407xx.o
    0x08000188   0x08000188   0x00000008   Code   RO         3781  * !!!main             c_w.l(__main.o)
    0x08000190   0x08000190   0x00000034   Code   RO         4010    !!!scatter          c_w.l(__scatter.o)
    0x080001c4   0x080001c4   0x0000001a   Code   RO         4012    !!handler_copy      c_w.l(__scatter_copy.o)
    0x080001de   0x080001de   0x00000002   PAD
    0x080001e0   0x080001e0   0x0000001c   Code   RO         4014    !!handler_zi        c_w.l(__scatter_zi.o)
    0x080001fc   0x080001fc   0x00000002   Code   RO         3883    .ARM.Collect$$libinit$$00000000  c_w.l(libinit.o)
    0x080001fe   0x080001fe   0x00000004   Code   RO         3892    .ARM.Collect$$libinit$$00000001  c_w.l(libinit2.o)
    0x08000202   0x08000202   0x00000000   Code   RO         3895    .ARM.Collect$$libinit$$00000004  c_w.l(libinit2.o)
    0x08000202   0x08000202   0x00000000   Code   RO         3898    .ARM.Collect$$libinit$$0000000A  c_w.l(libinit2.o)
    0x08000202   0x08000202   0x00000000   Code   RO         3900    .ARM.Collect$$libinit$$0000000C  c_w.l(libinit2.o)
    0x08000202   0x08000202   0x00000000   Code   RO         3902    .ARM.Collect$$libinit$$0000000E  c_w.l(libinit2.o)
    0x08000202   0x08000202   0x00000000   Code   RO         3905    .ARM.Collect$$libinit$$00000011  c_w.l(libinit2.o)
    0x08000202   0x08000202   0x00000000   Code   RO         3907    .ARM.Collect$$libinit$$00000013  c_w.l(libinit2.o)
    0x08000202   0x08000202   0x00000000   Code   RO         3909    .ARM.Collect$$libinit$$00000015  c_w.l(libinit2.o)
    0x08000202   0x08000202   0x00000000   Code   RO         3911    .ARM.Collect$$libinit$$00000017  c_w.l(libinit2.o)
    0x08000202   0x08000202   0x00000000   Code   RO         3913    .ARM.Collect$$libinit$$00000019  c_w.l(libinit2.o)
    0x08000202   0x08000202   0x00000000   Code   RO         3915    .ARM.Collect$$libinit$$0000001B  c_w.l(libinit2.o)
    0x08000202   0x08000202   0x00000000   Code   RO         3917    .ARM.Collect$$libinit$$0000001D  c_w.l(libinit2.o)
    0x08000202   0x08000202   0x00000000   Code   RO         3919    .ARM.Collect$$libinit$$0000001F  c_w.l(libinit2.o)
    0x08000202   0x08000202   0x00000000   Code   RO         3921    .ARM.Collect$$libinit$$00000021  c_w.l(libinit2.o)
    0x08000202   0x08000202   0x00000000   Code   RO         3923    .ARM.Collect$$libinit$$00000023  c_w.l(libinit2.o)
    0x08000202   0x08000202   0x00000000   Code   RO         3925    .ARM.Collect$$libinit$$00000025  c_w.l(libinit2.o)
    0x08000202   0x08000202   0x00000000   Code   RO         3929    .ARM.Collect$$libinit$$0000002C  c_w.l(libinit2.o)
    0x08000202   0x08000202   0x00000000   Code   RO         3931    .ARM.Collect$$libinit$$0000002E  c_w.l(libinit2.o)
    0x08000202   0x08000202   0x00000000   Code   RO         3933    .ARM.Collect$$libinit$$00000030  c_w.l(libinit2.o)
    0x08000202   0x08000202   0x00000000   Code   RO         3935    .ARM.Collect$$libinit$$00000032  c_w.l(libinit2.o)
    0x08000202   0x08000202   0x00000002   Code   RO         3936    .ARM.Collect$$libinit$$00000033  c_w.l(libinit2.o)
    0x08000204   0x08000204   0x00000002   Code   RO         3967    .ARM.Collect$$libshutdown$$00000000  c_w.l(libshutdown.o)
    0x08000206   0x08000206   0x00000000   Code   RO         3993    .ARM.Collect$$libshutdown$$00000002  c_w.l(libshutdown2.o)
    0x08000206   0x08000206   0x00000000   Code   RO         3995    .ARM.Collect$$libshutdown$$00000004  c_w.l(libshutdown2.o)
    0x08000206   0x08000206   0x00000000   Code   RO         3998    .ARM.Collect$$libshutdown$$00000007  c_w.l(libshutdown2.o)
    0x08000206   0x08000206   0x00000000   Code   RO         4001    .ARM.Collect$$libshutdown$$0000000A  c_w.l(libshutdown2.o)
    0x08000206   0x08000206   0x00000000   Code   RO         4003    .ARM.Collect$$libshutdown$$0000000C  c_w.l(libshutdown2.o)
    0x08000206   0x08000206   0x00000000   Code   RO         4006    .ARM.Collect$$libshutdown$$0000000F  c_w.l(libshutdown2.o)
    0x08000206   0x08000206   0x00000002   Code   RO         4007    .ARM.Collect$$libshutdown$$00000010  c_w.l(libshutdown2.o)
    0x08000208   0x08000208   0x00000000   Code   RO         3821    .ARM.Collect$$rtentry$$00000000  c_w.l(__rtentry.o)
    0x08000208   0x08000208   0x00000000   Code   RO         3844    .ARM.Collect$$rtentry$$00000002  c_w.l(__rtentry2.o)
    0x08000208   0x08000208   0x00000006   Code   RO         3856    .ARM.Collect$$rtentry$$00000004  c_w.l(__rtentry4.o)
    0x0800020e   0x0800020e   0x00000000   Code   RO         3846    .ARM.Collect$$rtentry$$00000009  c_w.l(__rtentry2.o)
    0x0800020e   0x0800020e   0x00000004   Code   RO         3847    .ARM.Collect$$rtentry$$0000000A  c_w.l(__rtentry2.o)
    0x08000212   0x08000212   0x00000000   Code   RO         3849    .ARM.Collect$$rtentry$$0000000C  c_w.l(__rtentry2.o)
    0x08000212   0x08000212   0x00000008   Code   RO         3850    .ARM.Collect$$rtentry$$0000000D  c_w.l(__rtentry2.o)
    0x0800021a   0x0800021a   0x00000002   Code   RO         3884    .ARM.Collect$$rtexit$$00000000  c_w.l(rtexit.o)
    0x0800021c   0x0800021c   0x00000000   Code   RO         3940    .ARM.Collect$$rtexit$$00000002  c_w.l(rtexit2.o)
    0x0800021c   0x0800021c   0x00000004   Code   RO         3941    .ARM.Collect$$rtexit$$00000003  c_w.l(rtexit2.o)
    0x08000220   0x08000220   0x00000006   Code   RO         3942    .ARM.Collect$$rtexit$$00000004  c_w.l(rtexit2.o)
    0x08000226   0x08000226   0x00000002   PAD
    0x08000228   0x08000228   0x00000040   Code   RO            4    .text               startup_stm32f407xx.o
    0x08000268   0x08000268   0x000000ee   Code   RO         3771    .text               c_w.l(lludivv7m.o)
    0x08000356   0x08000356   0x0000008a   Code   RO         3773    .text               c_w.l(rt_memcpy_v6.o)
    0x080003e0   0x080003e0   0x00000044   Code   RO         3775    .text               c_w.l(rt_memclr.o)
    0x08000424   0x08000424   0x0000004e   Code   RO         3777    .text               c_w.l(rt_memclr_w.o)
    0x08000472   0x08000472   0x00000006   Code   RO         3779    .text               c_w.l(heapauxi.o)
    0x08000478   0x08000478   0x00000016   Code   RO         3826    .text               c_w.l(_rserrno.o)
    0x0800048e   0x0800048e   0x00000064   Code   RO         3828    .text               c_w.l(rt_memcpy_w.o)
    0x080004f2   0x080004f2   0x00000002   PAD
    0x080004f4   0x080004f4   0x00000008   Code   RO         3863    .text               c_w.l(rt_errno_addr_intlibspace.o)
    0x080004fc   0x080004fc   0x00000008   Code   RO         3867    .text               c_w.l(libspace.o)
    0x08000504   0x08000504   0x0000004a   Code   RO         3870    .text               c_w.l(sys_stackheap_outer.o)
    0x0800054e   0x0800054e   0x00000012   Code   RO         3872    .text               c_w.l(exit.o)
    0x08000560   0x08000560   0x0000000c   Code   RO         3937    .text               c_w.l(sys_exit.o)
    0x0800056c   0x0800056c   0x00000002   Code   RO         3956    .text               c_w.l(use_no_semi.o)
    0x0800056e   0x0800056e   0x00000000   Code   RO         3958    .text               c_w.l(indicate_semi.o)
    0x0800056e   0x0800056e   0x00000002   Code   RO          401    i.BusFault_Handler  stm32f4xx_it.o
    0x08000570   0x08000570   0x00000214   Code   RO         3167    i.Car_Calibration   motor.o
    0x08000784   0x08000784   0x000000f4   Code   RO         3170    i.Car_Go_Target     motor.o
    0x08000878   0x08000878   0x0000014c   Code   RO         3172    i.Car_Turn          motor.o
    0x080009c4   0x080009c4   0x0000003e   Code   RO         3616    i.Char_To_Num       pi.o
    0x08000a02   0x08000a02   0x00000002   PAD
    0x08000a04   0x08000a04   0x00000418   Code   RO         3536    i.Control_Proc      control.o
    0x08000e1c   0x08000e1c   0x0000000c   Code   RO          402    i.DMA1_Stream5_IRQHandler  stm32f4xx_it.o
    0x08000e28   0x08000e28   0x00000028   Code   RO         2029    i.DMA_CalcBaseAndBitshift  stm32f4xx_hal_dma.o
    0x08000e50   0x08000e50   0x00000054   Code   RO         2030    i.DMA_CheckFifoParam  stm32f4xx_hal_dma.o
    0x08000ea4   0x08000ea4   0x00000028   Code   RO         2031    i.DMA_SetConfig     stm32f4xx_hal_dma.o
    0x08000ecc   0x08000ecc   0x00000002   Code   RO          403    i.DebugMon_Handler  stm32f4xx_it.o
    0x08000ece   0x08000ece   0x0000000e   Code   RO         3359    i.Delay             oled.o
    0x08000edc   0x08000edc   0x00000018   Code   RO         3734    i.Delay_Init        delay.o
    0x08000ef4   0x08000ef4   0x0000003c   Code   RO         3735    i.Delay_ms          delay.o
    0x08000f30   0x08000f30   0x00000034   Code   RO         3736    i.Delay_us          delay.o
    0x08000f64   0x08000f64   0x00000004   Code   RO           13    i.Error_Handler     main.o
    0x08000f68   0x08000f68   0x000001cc   Code   RO         3568    i.Get_Loads         move.o
    0x08001134   0x08001134   0x00000092   Code   RO         2032    i.HAL_DMA_Abort     stm32f4xx_hal_dma.o
    0x080011c6   0x080011c6   0x00000024   Code   RO         2033    i.HAL_DMA_Abort_IT  stm32f4xx_hal_dma.o
    0x080011ea   0x080011ea   0x00000002   PAD
    0x080011ec   0x080011ec   0x000001a0   Code   RO         2037    i.HAL_DMA_IRQHandler  stm32f4xx_hal_dma.o
    0x0800138c   0x0800138c   0x000000d4   Code   RO         2038    i.HAL_DMA_Init      stm32f4xx_hal_dma.o
    0x08001460   0x08001460   0x0000006e   Code   RO         2042    i.HAL_DMA_Start_IT  stm32f4xx_hal_dma.o
    0x080014ce   0x080014ce   0x00000002   PAD
    0x080014d0   0x080014d0   0x000001f0   Code   RO         1925    i.HAL_GPIO_Init     stm32f4xx_hal_gpio.o
    0x080016c0   0x080016c0   0x0000000a   Code   RO         1927    i.HAL_GPIO_ReadPin  stm32f4xx_hal_gpio.o
    0x080016ca   0x080016ca   0x00000010   Code   RO         1928    i.HAL_GPIO_TogglePin  stm32f4xx_hal_gpio.o
    0x080016da   0x080016da   0x0000000a   Code   RO         1929    i.HAL_GPIO_WritePin  stm32f4xx_hal_gpio.o
    0x080016e4   0x080016e4   0x0000000c   Code   RO         2457    i.HAL_GetTick       stm32f4xx_hal.o
    0x080016f0   0x080016f0   0x00000010   Code   RO         2463    i.HAL_IncTick       stm32f4xx_hal.o
    0x08001700   0x08001700   0x00000034   Code   RO         2464    i.HAL_Init          stm32f4xx_hal.o
    0x08001734   0x08001734   0x00000040   Code   RO         2465    i.HAL_InitTick      stm32f4xx_hal.o
    0x08001774   0x08001774   0x00000030   Code   RO          573    i.HAL_MspInit       stm32f4xx_hal_msp.o
    0x080017a4   0x080017a4   0x0000001a   Code   RO         2314    i.HAL_NVIC_EnableIRQ  stm32f4xx_hal_cortex.o
    0x080017be   0x080017be   0x00000002   PAD
    0x080017c0   0x080017c0   0x00000040   Code   RO         2320    i.HAL_NVIC_SetPriority  stm32f4xx_hal_cortex.o
    0x08001800   0x08001800   0x00000024   Code   RO         2321    i.HAL_NVIC_SetPriorityGrouping  stm32f4xx_hal_cortex.o
    0x08001824   0x08001824   0x00000134   Code   RO         1571    i.HAL_RCC_ClockConfig  stm32f4xx_hal_rcc.o
    0x08001958   0x08001958   0x00000020   Code   RO         1578    i.HAL_RCC_GetPCLK1Freq  stm32f4xx_hal_rcc.o
    0x08001978   0x08001978   0x00000020   Code   RO         1579    i.HAL_RCC_GetPCLK2Freq  stm32f4xx_hal_rcc.o
    0x08001998   0x08001998   0x00000060   Code   RO         1580    i.HAL_RCC_GetSysClockFreq  stm32f4xx_hal_rcc.o
    0x080019f8   0x080019f8   0x0000036c   Code   RO         1583    i.HAL_RCC_OscConfig  stm32f4xx_hal_rcc.o
    0x08001d64   0x08001d64   0x00000018   Code   RO         2323    i.HAL_SYSTICK_CLKSourceConfig  stm32f4xx_hal_cortex.o
    0x08001d7c   0x08001d7c   0x00000028   Code   RO         2325    i.HAL_SYSTICK_Config  stm32f4xx_hal_cortex.o
    0x08001da4   0x08001da4   0x00000002   Code   RO         1303    i.HAL_TIMEx_BreakCallback  stm32f4xx_hal_tim_ex.o
    0x08001da6   0x08001da6   0x00000002   Code   RO         1304    i.HAL_TIMEx_CommutCallback  stm32f4xx_hal_tim_ex.o
    0x08001da8   0x08001da8   0x00000054   Code   RO         1306    i.HAL_TIMEx_ConfigBreakDeadTime  stm32f4xx_hal_tim_ex.o
    0x08001dfc   0x08001dfc   0x00000090   Code   RO         1322    i.HAL_TIMEx_MasterConfigSynchronization  stm32f4xx_hal_tim_ex.o
    0x08001e8c   0x08001e8c   0x0000005a   Code   RO          599    i.HAL_TIM_Base_Init  stm32f4xx_hal_tim.o
    0x08001ee6   0x08001ee6   0x00000002   PAD
    0x08001ee8   0x08001ee8   0x000000b0   Code   RO          276    i.HAL_TIM_Base_MspInit  tim.o
    0x08001f98   0x08001f98   0x00000080   Code   RO          604    i.HAL_TIM_Base_Start_IT  stm32f4xx_hal_tim.o
    0x08002018   0x08002018   0x000000dc   Code   RO          608    i.HAL_TIM_ConfigClockSource  stm32f4xx_hal_tim.o
    0x080020f4   0x080020f4   0x00000002   Code   RO          633    i.HAL_TIM_IC_CaptureCallback  stm32f4xx_hal_tim.o
    0x080020f6   0x080020f6   0x00000166   Code   RO          647    i.HAL_TIM_IRQHandler  stm32f4xx_hal_tim.o
    0x0800225c   0x0800225c   0x000000ac   Code   RO          277    i.HAL_TIM_MspPostInit  tim.o
    0x08002308   0x08002308   0x00000052   Code   RO          648    i.HAL_TIM_OC_ConfigChannel  stm32f4xx_hal_tim.o
    0x0800235a   0x0800235a   0x00000002   Code   RO          650    i.HAL_TIM_OC_DelayElapsedCallback  stm32f4xx_hal_tim.o
    0x0800235c   0x0800235c   0x0000005a   Code   RO          652    i.HAL_TIM_OC_Init   stm32f4xx_hal_tim.o
    0x080023b6   0x080023b6   0x00000002   Code   RO          654    i.HAL_TIM_OC_MspInit  stm32f4xx_hal_tim.o
    0x080023b8   0x080023b8   0x000000cc   Code   RO          671    i.HAL_TIM_PWM_ConfigChannel  stm32f4xx_hal_tim.o
    0x08002484   0x08002484   0x0000005a   Code   RO          674    i.HAL_TIM_PWM_Init  stm32f4xx_hal_tim.o
    0x080024de   0x080024de   0x00000002   Code   RO          676    i.HAL_TIM_PWM_MspInit  stm32f4xx_hal_tim.o
    0x080024e0   0x080024e0   0x00000002   Code   RO          677    i.HAL_TIM_PWM_PulseFinishedCallback  stm32f4xx_hal_tim.o
    0x080024e2   0x080024e2   0x00000002   PAD
    0x080024e4   0x080024e4   0x000000c8   Code   RO          679    i.HAL_TIM_PWM_Start  stm32f4xx_hal_tim.o
    0x080025ac   0x080025ac   0x00000098   Code   RO         3569    i.HAL_TIM_PeriodElapsedCallback  move.o
    0x08002644   0x08002644   0x00000002   Code   RO          690    i.HAL_TIM_TriggerCallback  stm32f4xx_hal_tim.o
    0x08002646   0x08002646   0x00000002   Code   RO         2713    i.HAL_UARTEx_RxEventCallback  stm32f4xx_hal_uart.o
    0x08002648   0x08002648   0x00000070   Code   RO         2725    i.HAL_UART_DMAStop  stm32f4xx_hal_uart.o
    0x080026b8   0x080026b8   0x00000002   Code   RO         2727    i.HAL_UART_ErrorCallback  stm32f4xx_hal_uart.o
    0x080026ba   0x080026ba   0x00000002   PAD
    0x080026bc   0x080026bc   0x00000268   Code   RO         2730    i.HAL_UART_IRQHandler  stm32f4xx_hal_uart.o
    0x08002924   0x08002924   0x0000005c   Code   RO          404    i.HAL_UART_IdleCallback  stm32f4xx_it.o
    0x08002980   0x08002980   0x00000062   Code   RO         2731    i.HAL_UART_Init     stm32f4xx_hal_uart.o
    0x080029e2   0x080029e2   0x00000002   PAD
    0x080029e4   0x080029e4   0x00000258   Code   RO          336    i.HAL_UART_MspInit  usart.o
    0x08002c3c   0x08002c3c   0x0000002a   Code   RO         2735    i.HAL_UART_Receive_DMA  stm32f4xx_hal_uart.o
    0x08002c66   0x08002c66   0x0000002a   Code   RO         2736    i.HAL_UART_Receive_IT  stm32f4xx_hal_uart.o
    0x08002c90   0x08002c90   0x00000054   Code   RO          405    i.HAL_UART_RxCpltCallback  stm32f4xx_it.o
    0x08002ce4   0x08002ce4   0x00000002   Code   RO         2738    i.HAL_UART_RxHalfCpltCallback  stm32f4xx_hal_uart.o
    0x08002ce6   0x08002ce6   0x00000002   PAD
    0x08002ce8   0x08002ce8   0x000000b2   Code   RO         2739    i.HAL_UART_Transmit  stm32f4xx_hal_uart.o
    0x08002d9a   0x08002d9a   0x00000002   Code   RO         2742    i.HAL_UART_TxCpltCallback  stm32f4xx_hal_uart.o
    0x08002d9c   0x08002d9c   0x00000002   Code   RO          406    i.HardFault_Handler  stm32f4xx_it.o
    0x08002d9e   0x08002d9e   0x00000002   PAD
    0x08002da0   0x08002da0   0x00000024   Code   RO         3173    i.HuaGui_DOWN       motor.o
    0x08002dc4   0x08002dc4   0x00000024   Code   RO         3174    i.HuaGui_DOWN2      motor.o
    0x08002de8   0x08002de8   0x00000024   Code   RO         3175    i.HuaGui_Fang       motor.o
    0x08002e0c   0x08002e0c   0x00000068   Code   RO           14    i.HuaGui_Init_Proc  main.o
    0x08002e74   0x08002e74   0x00000040   Code   RO         3176    i.HuaGui_JiaoZhun   motor.o
    0x08002eb4   0x08002eb4   0x00000024   Code   RO         3177    i.HuaGui_Qu         motor.o
    0x08002ed8   0x08002ed8   0x00000060   Code   RO         3479    i.HuaGui_Turn       servo.o
    0x08002f38   0x08002f38   0x00000020   Code   RO         3178    i.HuaGui_UP         motor.o
    0x08002f58   0x08002f58   0x00000024   Code   RO         3179    i.HuaGui_ZhuanPan   motor.o
    0x08002f7c   0x08002f7c   0x00000044   Code   RO         3097    i.IMU_Init          imu.o
    0x08002fc0   0x08002fc0   0x000000a8   Code   RO         3098    i.IMU_Proc          imu.o
    0x08003068   0x08003068   0x00000054   Code   RO         3480    i.JiaZhua_Turn      servo.o
    0x080030bc   0x080030bc   0x000000d4   Code   RO           15    i.Key_Proc          main.o
    0x08003190   0x08003190   0x00000028   Code   RO         3134    i.LCD_Init          lcd.o
    0x080031b8   0x080031b8   0x000000bc   Code   RO         3135    i.LCD_SendData      lcd.o
    0x08003274   0x08003274   0x0000002c   Code   RO          251    i.MX_DMA_Init       dma.o
    0x080032a0   0x080032a0   0x0000013c   Code   RO          227    i.MX_GPIO_Init      gpio.o
    0x080033dc   0x080033dc   0x000000f8   Code   RO          278    i.MX_TIM1_Init      tim.o
    0x080034d4   0x080034d4   0x000000cc   Code   RO          279    i.MX_TIM3_Init      tim.o
    0x080035a0   0x080035a0   0x00000048   Code   RO          280    i.MX_TIM6_Init      tim.o
    0x080035e8   0x080035e8   0x00000038   Code   RO          337    i.MX_UART4_Init     usart.o
    0x08003620   0x08003620   0x00000038   Code   RO          338    i.MX_UART5_Init     usart.o
    0x08003658   0x08003658   0x00000038   Code   RO          339    i.MX_USART1_UART_Init  usart.o
    0x08003690   0x08003690   0x00000038   Code   RO          340    i.MX_USART2_UART_Init  usart.o
    0x080036c8   0x080036c8   0x00000038   Code   RO          341    i.MX_USART3_UART_Init  usart.o
    0x08003700   0x08003700   0x00000002   Code   RO          407    i.MemManage_Handler  stm32f4xx_it.o
    0x08003702   0x08003702   0x00000002   PAD
    0x08003704   0x08003704   0x00000038   Code   RO         3181    i.Motor_Disable     motor.o
    0x0800373c   0x0800373c   0x00000024   Code   RO         3182    i.Motor_Disable_All  motor.o
    0x08003760   0x08003760   0x00000038   Code   RO         3183    i.Motor_Enable      motor.o
    0x08003798   0x08003798   0x00000024   Code   RO         3184    i.Motor_Enable_All  motor.o
    0x080037bc   0x080037bc   0x00000034   Code   RO         3185    i.Motor_Init        motor.o
    0x080037f0   0x080037f0   0x0000002c   Code   RO         3186    i.Motor_Read_Current  motor.o
    0x0800381c   0x0800381c   0x000000ec   Code   RO         3187    i.Motor_Receive_Data  motor.o
    0x08003908   0x08003908   0x0000005c   Code   RO         3188    i.Motor_Reset       motor.o
    0x08003964   0x08003964   0x00000034   Code   RO         3189    i.Motor_Run         motor.o
    0x08003998   0x08003998   0x00000084   Code   RO         3190    i.Motor_SetPosition  motor.o
    0x08003a1c   0x08003a1c   0x000000a4   Code   RO         3191    i.Motor_SetPosition_A  motor.o
    0x08003ac0   0x08003ac0   0x0000005c   Code   RO         3192    i.Motor_SetSpeed    motor.o
    0x08003b1c   0x08003b1c   0x00000008   Code   RO         3194    i.My_ABS            motor.o
    0x08003b24   0x08003b24   0x00000002   Code   RO          408    i.NMI_Handler       stm32f4xx_it.o
    0x08003b26   0x08003b26   0x00000026   Code   RO         3360    i.OLED_Clear        oled.o
    0x08003b4c   0x08003b4c   0x0000002c   Code   RO         3361    i.OLED_I2C_Init     oled.o
    0x08003b78   0x08003b78   0x00000078   Code   RO         3362    i.OLED_I2C_SendByte  oled.o
    0x08003bf0   0x08003bf0   0x00000050   Code   RO         3363    i.OLED_I2C_Start    oled.o
    0x08003c40   0x08003c40   0x0000004c   Code   RO         3364    i.OLED_I2C_Stop     oled.o
    0x08003c8c   0x08003c8c   0x000000ac   Code   RO         3365    i.OLED_Init         oled.o
    0x08003d38   0x08003d38   0x0000000e   Code   RO         3366    i.OLED_Pow          oled.o
    0x08003d46   0x08003d46   0x00000002   PAD
    0x08003d48   0x08003d48   0x00000124   Code   RO           16    i.OLED_Proc         main.o
    0x08003e6c   0x08003e6c   0x00000022   Code   RO         3367    i.OLED_SetCursor    oled.o
    0x08003e8e   0x08003e8e   0x00000002   PAD
    0x08003e90   0x08003e90   0x00000068   Code   RO         3369    i.OLED_ShowChar     oled.o
    0x08003ef8   0x08003ef8   0x00000042   Code   RO         3371    i.OLED_ShowNum      oled.o
    0x08003f3a   0x08003f3a   0x00000058   Code   RO         3372    i.OLED_ShowSignedNum  oled.o
    0x08003f92   0x08003f92   0x00000026   Code   RO         3373    i.OLED_ShowString   oled.o
    0x08003fb8   0x08003fb8   0x00000022   Code   RO         3374    i.OLED_WriteCommand  oled.o
    0x08003fda   0x08003fda   0x00000022   Code   RO         3375    i.OLED_WriteData    oled.o
    0x08003ffc   0x08003ffc   0x000000e4   Code   RO         3617    i.PI_Data_Receive_Proc  pi.o
    0x080040e0   0x080040e0   0x00000020   Code   RO         3618    i.PI_Init           pi.o
    0x08004100   0x08004100   0x0000009c   Code   RO         3619    i.PI_Receive_Data   pi.o
    0x0800419c   0x0800419c   0x00000002   Code   RO          409    i.PendSV_Handler    stm32f4xx_it.o
    0x0800419e   0x0800419e   0x00000002   PAD
    0x080041a0   0x080041a0   0x0000019c   Code   RO         3571    i.Put_Loads         move.o
    0x0800433c   0x0800433c   0x00000002   Code   RO          410    i.SVC_Handler       stm32f4xx_it.o
    0x0800433e   0x0800433e   0x00000002   PAD
    0x08004340   0x08004340   0x000000d8   Code   RO         3481    i.Servo_CallBack    servo.o
    0x08004418   0x08004418   0x00000048   Code   RO         3482    i.Servo_Init        servo.o
    0x08004460   0x08004460   0x000000f4   Code   RO         3483    i.Servo_SetAngle    servo.o
    0x08004554   0x08004554   0x00000004   Code   RO          411    i.SysTick_Handler   stm32f4xx_it.o
    0x08004558   0x08004558   0x00000094   Code   RO           17    i.SystemClock_Config  main.o
    0x080045ec   0x080045ec   0x00000010   Code   RO         3060    i.SystemInit        system_stm32f4xx.o
    0x080045fc   0x080045fc   0x0000000c   Code   RO          412    i.TIM1_BRK_TIM9_IRQHandler  stm32f4xx_it.o
    0x08004608   0x08004608   0x0000000c   Code   RO          413    i.TIM1_CC_IRQHandler  stm32f4xx_it.o
    0x08004614   0x08004614   0x0000000c   Code   RO          414    i.TIM1_TRG_COM_TIM11_IRQHandler  stm32f4xx_it.o
    0x08004620   0x08004620   0x0000000c   Code   RO          415    i.TIM1_UP_TIM10_IRQHandler  stm32f4xx_it.o
    0x0800462c   0x0800462c   0x0000000c   Code   RO          416    i.TIM6_DAC_IRQHandler  stm32f4xx_it.o
    0x08004638   0x08004638   0x000000c8   Code   RO          692    i.TIM_Base_SetConfig  stm32f4xx_hal_tim.o
    0x08004700   0x08004700   0x0000001a   Code   RO          693    i.TIM_CCxChannelCmd  stm32f4xx_hal_tim.o
    0x0800471a   0x0800471a   0x00000014   Code   RO          703    i.TIM_ETR_SetConfig  stm32f4xx_hal_tim.o
    0x0800472e   0x0800472e   0x00000010   Code   RO          704    i.TIM_ITRx_SetConfig  stm32f4xx_hal_tim.o
    0x0800473e   0x0800473e   0x00000002   PAD
    0x08004740   0x08004740   0x00000060   Code   RO          705    i.TIM_OC1_SetConfig  stm32f4xx_hal_tim.o
    0x080047a0   0x080047a0   0x0000006c   Code   RO          706    i.TIM_OC2_SetConfig  stm32f4xx_hal_tim.o
    0x0800480c   0x0800480c   0x00000068   Code   RO          707    i.TIM_OC3_SetConfig  stm32f4xx_hal_tim.o
    0x08004874   0x08004874   0x00000050   Code   RO          708    i.TIM_OC4_SetConfig  stm32f4xx_hal_tim.o
    0x080048c4   0x080048c4   0x00000022   Code   RO          710    i.TIM_TI1_ConfigInputStage  stm32f4xx_hal_tim.o
    0x080048e6   0x080048e6   0x00000024   Code   RO          712    i.TIM_TI2_ConfigInputStage  stm32f4xx_hal_tim.o
    0x0800490a   0x0800490a   0x00000002   PAD
    0x0800490c   0x0800490c   0x0000000c   Code   RO          417    i.UART4_IRQHandler  stm32f4xx_it.o
    0x08004918   0x08004918   0x0000000c   Code   RO          418    i.UART5_IRQHandler  stm32f4xx_it.o
    0x08004924   0x08004924   0x00000010   Code   RO         2744    i.UART_DMAAbortOnError  stm32f4xx_hal_uart.o
    0x08004934   0x08004934   0x0000004a   Code   RO         2745    i.UART_DMAError     stm32f4xx_hal_uart.o
    0x0800497e   0x0800497e   0x00000082   Code   RO         2746    i.UART_DMAReceiveCplt  stm32f4xx_hal_uart.o
    0x08004a00   0x08004a00   0x0000001a   Code   RO         2748    i.UART_DMARxHalfCplt  stm32f4xx_hal_uart.o
    0x08004a1a   0x08004a1a   0x0000004e   Code   RO         2754    i.UART_EndRxTransfer  stm32f4xx_hal_uart.o
    0x08004a68   0x08004a68   0x0000001c   Code   RO         2755    i.UART_EndTxTransfer  stm32f4xx_hal_uart.o
    0x08004a84   0x08004a84   0x000000c0   Code   RO         2756    i.UART_Receive_IT   stm32f4xx_hal_uart.o
    0x08004b44   0x08004b44   0x0000010c   Code   RO         2757    i.UART_SetConfig    stm32f4xx_hal_uart.o
    0x08004c50   0x08004c50   0x00000094   Code   RO         2758    i.UART_Start_Receive_DMA  stm32f4xx_hal_uart.o
    0x08004ce4   0x08004ce4   0x0000003a   Code   RO         2759    i.UART_Start_Receive_IT  stm32f4xx_hal_uart.o
    0x08004d1e   0x08004d1e   0x00000078   Code   RO         2760    i.UART_WaitOnFlagUntilTimeout  stm32f4xx_hal_uart.o
    0x08004d96   0x08004d96   0x00000002   PAD
    0x08004d98   0x08004d98   0x0000000c   Code   RO          419    i.USART1_IRQHandler  stm32f4xx_it.o
    0x08004da4   0x08004da4   0x00000018   Code   RO          420    i.USART2_IRQHandler  stm32f4xx_it.o
    0x08004dbc   0x08004dbc   0x0000000c   Code   RO          421    i.USART3_IRQHandler  stm32f4xx_it.o
    0x08004dc8   0x08004dc8   0x0000002c   Code   RO          422    i.USER_UART_IRQHandler  stm32f4xx_it.o
    0x08004df4   0x08004df4   0x00000002   Code   RO          424    i.UsageFault_Handler  stm32f4xx_it.o
    0x08004df6   0x08004df6   0x00000002   PAD
    0x08004df8   0x08004df8   0x0000008c   Code   RO         3484    i.ZaiWu_Turn        servo.o
    0x08004e84   0x08004e84   0x00000020   Code   RO         2327    i.__NVIC_SetPriority  stm32f4xx_hal_cortex.o
    0x08004ea4   0x08004ea4   0x0000007a   Code   RO         3809    i.__hardfp_sqrt     m_wm.l(sqrt.o)
    0x08004f1e   0x08004f1e   0x00000002   PAD
    0x08004f20   0x08004f20   0x00000084   Code   RO           19    i.main              main.o
    0x08004fa4   0x08004fa4   0x00000062   Code   RO         3783    x$fpl$d2f           fz_wm.l(d2f.o)
    0x08005006   0x08005006   0x00000002   PAD
    0x08005008   0x08005008   0x00000150   Code   RO         3785    x$fpl$dadd          fz_wm.l(daddsub_clz.o)
    0x08005158   0x08005158   0x000002b0   Code   RO         3792    x$fpl$ddiv          fz_wm.l(ddiv.o)
    0x08005408   0x08005408   0x0000005e   Code   RO         3795    x$fpl$dfix          fz_wm.l(dfix.o)
    0x08005466   0x08005466   0x0000002e   Code   RO         3800    x$fpl$dflt          fz_wm.l(dflt_clz.o)
    0x08005494   0x08005494   0x00000026   Code   RO         3799    x$fpl$dfltu         fz_wm.l(dflt_clz.o)
    0x080054ba   0x080054ba   0x00000002   PAD
    0x080054bc   0x080054bc   0x00000154   Code   RO         3805    x$fpl$dmul          fz_wm.l(dmul.o)
    0x08005610   0x08005610   0x0000009c   Code   RO         3832    x$fpl$dnaninf       fz_wm.l(dnaninf.o)
    0x080056ac   0x080056ac   0x0000000c   Code   RO         3834    x$fpl$dretinf       fz_wm.l(dretinf.o)
    0x080056b8   0x080056b8   0x00000198   Code   RO         3836    x$fpl$dsqrt         fz_wm.l(dsqrt_umaal.o)
    0x08005850   0x08005850   0x000001d4   Code   RO         3787    x$fpl$dsub          fz_wm.l(daddsub_clz.o)
    0x08005a24   0x08005a24   0x00000056   Code   RO         3807    x$fpl$f2d           fz_wm.l(f2d.o)
    0x08005a7a   0x08005a7a   0x0000008c   Code   RO         3838    x$fpl$fnaninf       fz_wm.l(fnaninf.o)
    0x08005b06   0x08005b06   0x0000000a   Code   RO         3952    x$fpl$fpinit        fz_wm.l(fpinit.o)
    0x08005b10   0x08005b10   0x0000000a   Code   RO         3840    x$fpl$fretinf       fz_wm.l(fretinf.o)
    0x08005b1a   0x08005b1a   0x00000000   Code   RO         3842    x$fpl$usenofp       fz_wm.l(usenofp.o)
    0x08005b1a   0x08005b1a   0x00000008   Data   RO         2044    .constdata          stm32f4xx_hal_dma.o
    0x08005b22   0x08005b22   0x00000010   Data   RO         3061    .constdata          system_stm32f4xx.o
    0x08005b32   0x08005b32   0x00000008   Data   RO         3062    .constdata          system_stm32f4xx.o
    0x08005b3a   0x08005b3a   0x000005f0   Data   RO         3376    .constdata          oled.o
    0x0800612a   0x0800612a   0x00000002   PAD
    0x0800612c   0x0800612c   0x00000020   Data   RO         4008    Region$$Table       anon$$obj.o


    Execution Region RW_IRAM1 (Exec base: 0x20000000, Load base: 0x0800614c, Size: 0x00000c30, Max: 0x0001c000, ABSOLUTE)

    Exec Addr    Load Addr    Size         Type   Attr      Idx    E Section Name        Object

    0x20000000   0x0800614c   0x00000006   Data   RW           20    .data               main.o
    0x20000006   0x08006152   0x00000002   PAD
    0x20000008   0x08006154   0x0000000c   Data   RW         2471    .data               stm32f4xx_hal.o
    0x20000014   0x08006160   0x00000004   Data   RW         3063    .data               system_stm32f4xx.o
    0x20000018   0x08006164   0x0000000c   Data   RW         3100    .data               imu.o
    0x20000024   0x08006170   0x00000013   Data   RW         3136    .data               lcd.o
    0x20000037   0x08006183   0x00000001   PAD
    0x20000038   0x08006184   0x00000020   Data   RW         3196    .data               motor.o
    0x20000058   0x080061a4   0x00000010   Data   RW         3485    .data               servo.o
    0x20000068   0x080061b4   0x00000022   Data   RW         3538    .data               control.o
    0x2000008a   0x080061d6   0x00000006   PAD
    0x20000090   0x080061dc   0x00000018   Data   RW         3572    .data               move.o
    0x200000a8   0x080061f4   0x00000014   Data   RW         3620    .data               pi.o
    0x200000bc   0x08006208   0x00000001   Data   RW         3737    .data               delay.o
    0x200000bd   0x08006209   0x00000003   PAD
    0x200000c0        -       0x000000d8   Zero   RW          281    .bss                tim.o
    0x20000198        -       0x000001b4   Zero   RW          342    .bss                usart.o
    0x2000034c        -       0x00000064   Zero   RW         3099    .bss                imu.o
    0x200003b0        -       0x00000028   Zero   RW         3195    .bss                motor.o
    0x200003d8        -       0x000001f4   Zero   RW         3537    .bss                control.o
    0x200005cc        -       0x00000060   Zero   RW         3868    .bss                c_w.l(libspace.o)
    0x2000062c   0x08006209   0x00000004   PAD
    0x20000630        -       0x00000200   Zero   RW            2    HEAP                startup_stm32f407xx.o
    0x20000830        -       0x00000400   Zero   RW            1    STACK               startup_stm32f407xx.o


    Execution Region RW_IRAM2 (Exec base: 0x2001c000, Load base: 0x0800620c, Size: 0x00000000, Max: 0x00004000, ABSOLUTE)

    **** No section assigned to this execution region ****


==============================================================================

Image component sizes


      Code (inc. data)   RO Data    RW Data    ZI Data      Debug   Object Name

      1048         88          0         34        500       3039   control.o
       136         16          0          1          0       1991   delay.o
        44          4          0          0          0        830   dma.o
       316         22          0          0          0       1183   gpio.o
       236         52          0         12        100       1798   imu.o
       228         24          0         19          0       1685   lcd.o
       892        136          0          6          0     695587   main.o
      2440        230          0         32         40      17869   motor.o
      1024         38          0         24          0       5377   move.o
       956         22       1520          0          0      10458   oled.o
       478         32          0         20          0       3490   pi.o
       852        154          0         16          0       4572   servo.o
        64         26        392          0       1536        872   startup_stm32f407xx.o
       144         24          0         12          0       8969   stm32f4xx_hal.o
       222         14          0          0          0      34773   stm32f4xx_hal_cortex.o
      1084         16          8          0          0       7598   stm32f4xx_hal_dma.o
       532         46          0          0          0       3636   stm32f4xx_hal_gpio.o
        48          6          0          0          0        910   stm32f4xx_hal_msp.o
      1344         72          0          0          0       5408   stm32f4xx_hal_rcc.o
      2194        136          0          0          0      19748   stm32f4xx_hal_tim.o
       232         28          0          0          0       3413   stm32f4xx_hal_tim_ex.o
      2234         30          0          0          0      17533   stm32f4xx_hal_uart.o
       384        120          0          0          0      12469   stm32f4xx_it.o
        16          4         24          4          0       1211   system_stm32f4xx.o
       872         70          0          0        216       4262   tim.o
       880         86          0          0        436       4921   usart.o

    ----------------------------------------------------------------------
     18938       1496       1978        192       2828     873602   Object Totals
         0          0         32          0          0          0   (incl. Generated)
        38          0          2         12          0          0   (incl. Padding)

    ----------------------------------------------------------------------

      Code (inc. data)   RO Data    RW Data    ZI Data      Debug   Library Member Name

         8          0          0          0          0         68   __main.o
         0          0          0          0          0          0   __rtentry.o
        12          0          0          0          0          0   __rtentry2.o
         6          0          0          0          0          0   __rtentry4.o
        52          8          0          0          0          0   __scatter.o
        26          0          0          0          0          0   __scatter_copy.o
        28          0          0          0          0          0   __scatter_zi.o
        22          0          0          0          0        100   _rserrno.o
        18          0          0          0          0         80   exit.o
         6          0          0          0          0        152   heapauxi.o
         0          0          0          0          0          0   indicate_semi.o
         2          0          0          0          0          0   libinit.o
         6          0          0          0          0          0   libinit2.o
         2          0          0          0          0          0   libshutdown.o
         2          0          0          0          0          0   libshutdown2.o
         8          4          0          0         96         68   libspace.o
       238          0          0          0          0        100   lludivv7m.o
         8          4          0          0          0         68   rt_errno_addr_intlibspace.o
        68          0          0          0          0         68   rt_memclr.o
        78          0          0          0          0         80   rt_memclr_w.o
       138          0          0          0          0         68   rt_memcpy_v6.o
       100          0          0          0          0         80   rt_memcpy_w.o
         2          0          0          0          0          0   rtexit.o
        10          0          0          0          0          0   rtexit2.o
        12          4          0          0          0         68   sys_exit.o
        74          0          0          0          0         80   sys_stackheap_outer.o
         2          0          0          0          0         68   use_no_semi.o
        98          4          0          0          0        140   d2f.o
       804         16          0          0          0        368   daddsub_clz.o
       688        140          0          0          0        256   ddiv.o
        94          4          0          0          0        140   dfix.o
        84          0          0          0          0        232   dflt_clz.o
       340         12          0          0          0        152   dmul.o
       156          4          0          0          0        140   dnaninf.o
        12          0          0          0          0        116   dretinf.o
       408         56          0          0          0        168   dsqrt_umaal.o
        86          4          0          0          0        132   f2d.o
       140          4          0          0          0        132   fnaninf.o
        10          0          0          0          0        116   fpinit.o
        10          0          0          0          0        116   fretinf.o
         0          0          0          0          0          0   usenofp.o
       122          0          0          0          0        148   sqrt.o

    ----------------------------------------------------------------------
      3992        264          0          0        100       3504   Library Totals
        12          0          0          0          4          0   (incl. Padding)

    ----------------------------------------------------------------------

      Code (inc. data)   RO Data    RW Data    ZI Data      Debug   Library Name

       928         20          0          0         96       1148   c_w.l
      2930        244          0          0          0       2208   fz_wm.l
       122          0          0          0          0        148   m_wm.l

    ----------------------------------------------------------------------
      3992        264          0          0        100       3504   Library Totals

    ----------------------------------------------------------------------

==============================================================================


      Code (inc. data)   RO Data    RW Data    ZI Data      Debug   

     22930       1760       1978        192       2928     858186   Grand Totals
     22930       1760       1978        192       2928     858186   ELF Image Totals
     22930       1760       1978        192          0          0   ROM Totals

==============================================================================

    Total RO  Size (Code + RO Data)                24908 (  24.32kB)
    Total RW  Size (RW Data + ZI Data)              3120 (   3.05kB)
    Total ROM Size (Code + RO Data + RW Data)      25100 (  24.51kB)

==============================================================================

